 sc

 Timestamp is 64dcc406 (Wed Aug 16 21:41:42 2023)

 Preferred load address is 00400000

 Start         Length     Name                   Class
 0001:00000000 00064657H .text$mn                CODE
 0001:00064657 0000121cH .text$x                 CODE
 0002:00000000 00000104H .CRT$XCA                DATA
 0002:00000104 00000104H .CRT$XCAA               DATA
 0002:00000208 00000104H .CRT$XCZ                DATA
 0002:0000030c 00000104H .CRT$XIA                DATA
 0002:00000410 00000104H .CRT$XIAA               DATA
 0002:00000514 00000104H .CRT$XIAC               DATA
 0002:00000618 00000114H .CRT$XIC                DATA
 0002:0000072c 00000104H .CRT$XIZ                DATA
 0002:00000830 00000104H .CRT$XPA                DATA
 0002:00000934 0000010cH .CRT$XPX                DATA
 0002:00000a40 00000104H .CRT$XPXA               DATA
 0002:00000b44 00000104H .CRT$XPZ                DATA
 0002:00000c48 00000104H .CRT$XTA                DATA
 0002:00000d4c 00000104H .CRT$XTZ                DATA
 0002:00000e50 000092b0H .rdata                  DATA
 0002:0000a100 00000180H .rdata$CastGuardVftablesA DATA
 0002:0000a280 0000014cH .rdata$CastGuardVftablesC DATA
 0002:0000a3cc 00000444H .rdata$r                DATA
 0002:0000a810 00000160H .rdata$sxdata           DATA
 0002:0000a970 00000178H .rdata$zzzdbg           DATA
 0002:0000aae8 00000104H .rtc$IAA                DATA
 0002:0000abec 00000104H .rtc$IZZ                DATA
 0002:0000acf0 00000104H .rtc$TAA                DATA
 0002:0000adf4 00000104H .rtc$TZZ                DATA
 0002:0000aef8 00000d3cH .xdata$x                DATA
 0002:0000bc34 00000000H .edata                  DATA
 0003:00000000 00000b9cH .data                   DATA
 0003:00000b9c 00000170H .data$r                 DATA
 0003:00000d0c 000001d4H .data$rs                DATA
 0003:00000ee0 00001684H .bss                    DATA
 0004:00000000 000001b0H .idata$5                DATA
 0004:000001b0 00000014H .idata$2                DATA
 0004:000001c4 00000014H .idata$3                DATA
 0004:000001d8 000001b0H .idata$4                DATA
 0004:00000388 00000795H .idata$6                DATA
 0005:00000000 0000010eH .00cfg                  DATA

  Address         Publics by Value              Rva+Base       Lib:Object

 0000:00000000       ___AbsoluteZero            00000000     <absolute>
 0000:00000000       ___arm64x_extra_rfe_table  00000000     <absolute>
 0000:00000000       ___arm64x_extra_rfe_table_size 00000000     <absolute>
 0000:00000000       ___arm64x_native_entrypoint 00000000     <absolute>
 0000:00000000       ___arm64x_redirection_metadata 00000000     <absolute>
 0000:00000000       ___arm64x_redirection_metadata_count 00000000     <absolute>
 0000:00000000       ___dynamic_value_reloc_table 00000000     <absolute>
 0000:00000000       ___enclave_config          00000000     <absolute>
 0000:00000000       ___guard_check_icall_a64n_fptr 00000000     <absolute>
 0000:00000000       ___guard_eh_cont_count     00000000     <absolute>
 0000:00000000       ___guard_eh_cont_table     00000000     <absolute>
 0000:00000000       ___guard_fids_count        00000000     <absolute>
 0000:00000000       ___guard_fids_table        00000000     <absolute>
 0000:00000000       ___guard_iat_count         00000000     <absolute>
 0000:00000000       ___guard_iat_table         00000000     <absolute>
 0000:00000000       ___guard_longjmp_count     00000000     <absolute>
 0000:00000000       ___guard_longjmp_table     00000000     <absolute>
 0000:00000000       ___hybrid_auxiliary_delayload_iat 00000000     <absolute>
 0000:00000000       ___hybrid_auxiliary_delayload_iat_copy 00000000     <absolute>
 0000:00000000       ___hybrid_auxiliary_iat    00000000     <absolute>
 0000:00000000       ___hybrid_auxiliary_iat_copy 00000000     <absolute>
 0000:00000000       ___hybrid_code_map         00000000     <absolute>
 0000:00000000       ___hybrid_code_map_count   00000000     <absolute>
 0000:00000000       ___volatile_metadata       00000000     <absolute>
 0000:00000000       ___x64_code_ranges_to_entry_points 00000000     <absolute>
 0000:00000000       ___x64_code_ranges_to_entry_points_count 00000000     <absolute>
 0000:00000000       __except_list              00000000     <absolute>
 0000:00000014       ___safe_se_handler_count   00000014     <absolute>
 0000:00000100       ___guard_flags             00000100     <absolute>
 0000:00000000       ___ImageBase               00400000     <linker-defined>
 0001:00006220       _main                      00407220 f   main.obj
 0001:000062d0       ___local_stdio_printf_options 004072d0 f i main.obj
 0001:000062e0       __vfprintf_l               004072e0 f i main.obj
 0001:00006320       _printf                    00407320 f i main.obj
 0001:00006370       ?MoveShellCode@@YAXPAX@Z   00407370 f   sc.obj
 0001:00006506       _GetLastError@0            00407506 f   Kernel32:KERNEL32.dll
 0001:0000650c       _VirtualAlloc@16           0040750c f   Kernel32:KERNEL32.dll
 0001:000067f5       ?configure_argv@__scrt_narrow_argv_policy@@SAHXZ 004077f5 f i LIBCMT:exe_main.obj
 0001:00006805       ?initialize_environment@__scrt_narrow_environment_policy@@SAHXZ 00407805 f i LIBCMT:exe_main.obj
 0001:00006837       ?set_app_type@__scrt_main_policy@@SAXXZ 00407837 f i LIBCMT:exe_main.obj
 0001:00006842       ?set_commode@__scrt_file_policy@@SAXXZ 00407842 f i LIBCMT:exe_main.obj
 0001:00006857       ?set_fmode@__scrt_file_policy@@SAXXZ 00407857 f i LIBCMT:exe_main.obj
 0001:00006867       _mainCRTStartup            00407867 f   LIBCMT:exe_main.obj
 0001:00006907       _NtCurrentTeb              00407907 f i LIBCMT:utility.obj
 0001:0000690e       ___scrt_acquire_startup_lock 0040790e f   LIBCMT:utility.obj
 0001:0000694c       ___scrt_dllmain_after_initialize_c 0040794c f   LIBCMT:utility.obj
 0001:00006981       ___scrt_dllmain_before_initialize_c 00407981 f   LIBCMT:utility.obj
 0001:00006992       ___scrt_dllmain_crt_thread_attach 00407992 f   LIBCMT:utility.obj
 0001:000069b8       ___scrt_dllmain_crt_thread_detach 004079b8 f   LIBCMT:utility.obj
 0001:000069c8       ___scrt_dllmain_exception_filter 004079c8 f   LIBCMT:utility.obj
 0001:00006a09       ___scrt_dllmain_uninitialize_c 00407a09 f   LIBCMT:utility.obj
 0001:00006a34       ___scrt_dllmain_uninitialize_critical 00407a34 f   LIBCMT:utility.obj
 0001:00006a44       ___scrt_initialize_crt     00407a44 f   LIBCMT:utility.obj
 0001:00006a8b       ___scrt_initialize_onexit_tables 00407a8b f   LIBCMT:utility.obj
 0001:00006b33       ___scrt_is_nonwritable_in_current_image 00407b33 f   LIBCMT:utility.obj
 0001:00006bec       ___scrt_release_startup_lock 00407bec f   LIBCMT:utility.obj
 0001:00006c10       ___scrt_uninitialize_crt   00407c10 f   LIBCMT:utility.obj
 0001:00006c42       __onexit                   00407c42 f   LIBCMT:utility.obj
 0001:00006c7a       _at_quick_exit             00407c7a f   LIBCMT:utility.obj
 0001:00006ca5       _atexit                    00407ca5 f   LIBCMT:utility.obj
 0001:00006d1f       ___security_init_cookie    00407d1f f   LIBCMT:gs_support.obj
 0001:00006d7c       __matherr                  00407d7c f   LIBCMT:matherr.obj
 0001:00006d7f       __get_startup_argv_mode    00407d7f f   LIBCMT:argv_mode.obj
 0001:00006d83       __get_startup_commit_mode  00407d83 f   LIBCMT:commit_mode.obj
 0001:00006d86       __get_startup_file_mode    00407d86 f   LIBCMT:file_mode.obj
 0001:00006d8c       __get_startup_new_mode     00407d8c f   LIBCMT:new_mode.obj
 0001:00006d8f       __get_startup_thread_locale_mode 00407d8f f   LIBCMT:thread_locale.obj
 0001:00006d92       ?__scrt_initialize_type_info@@YAXXZ 00407d92 f   LIBCMT:tncleanup.obj
 0001:00006da1       ?__scrt_uninitialize_type_info@@YAXXZ 00407da1 f   LIBCMT:tncleanup.obj
 0001:00006db0       __should_initialize_environment 00407db0 f   LIBCMT:env_mode.obj
 0001:00006db3       __initialize_default_precision 00407db3 f   LIBCMT:default_precision.obj
 0001:00006ddc       __initialize_invalid_parameter_handler 00407ddc f   LIBCMT:invalid_parameter_handler.obj
 0001:00006ddf       __initialize_denormal_control 00407ddf f   LIBCMT:denormal_control.obj
 0001:00006de2       ___local_stdio_scanf_options 00407de2 f i LIBCMT:default_local_stdio_options.obj
 0001:00006de8       ___scrt_initialize_default_local_stdio_options 00407de8 f   LIBCMT:default_local_stdio_options.obj
 0001:00006e0c       ___scrt_is_user_matherr_present 00407e0c f   LIBCMT:matherr_detection.obj
 0001:00006e1b       ___scrt_get_dyn_tls_init_callback 00407e1b f   LIBCMT:dyn_tls_init.obj
 0001:00006e21       ___scrt_get_dyn_tls_dtor_callback 00407e21 f   LIBCMT:dyn_tls_dtor.obj
 0001:00006e27       ___scrt_fastfail           00407e27 f   LIBCMT:utility_desktop.obj
 0001:00006f88       ___scrt_get_show_window_mode 00407f88 f   LIBCMT:utility_desktop.obj
 0001:00006fc5       ___scrt_initialize_mta     00407fc5 f   LIBCMT:utility_desktop.obj
 0001:00006fca       ___scrt_initialize_winrt   00407fca f   LIBCMT:utility_desktop.obj
 0001:00006fcd       ___scrt_is_managed_app     00407fcd f   LIBCMT:utility_desktop.obj
 0001:0000701f       ___scrt_set_unhandled_exception_filter 0040801f f   LIBCMT:utility_desktop.obj
 0001:0000702e       ___scrt_exe_initialize_mta 0040802e f   LIBCMT:utility_desktop.obj
 0001:0000702e       ___scrt_stub_for_initialize_mta 0040802e f   LIBCMT:utility_desktop.obj
 0001:00007031       ___scrt_unhandled_exception_filter@4 00408031 f   LIBCMT:utility_desktop.obj
 0001:0000709c       __crt_debugger_hook        0040809c f   LIBCMT:utility_desktop.obj
 0001:000070a6       __RTC_Initialize           004080a6 f   LIBCMT:initsect.obj
 0001:000070dd       __RTC_Terminate            004080dd f   LIBCMT:initsect.obj
 0001:00007120       __SEH_prolog4              00408120 f   LIBCMT:sehprolg4.obj
 0001:00007180       __SEH_epilog4              00408180 f   LIBCMT:sehprolg4.obj
 0001:00007199       @_guard_check_icall_nop@4  00408199 f i LIBCMT:guard_support.obj
 0001:0000719c       _ReadNoFence               0040819c f i LIBCMT:guard_support.obj
 0001:000071a8       _ReadPointerNoFence        004081a8 f i LIBCMT:guard_support.obj
 0001:000071b4       __InlineInterlockedExchangePointer 004081b4 f i LIBCMT:guard_support.obj
 0001:000071c4       ___castguard_check_failure_debugbreak 004081c4 f i LIBCMT:guard_support.obj
 0001:000071e5       ___castguard_check_failure_fastfail 004081e5 f i LIBCMT:guard_support.obj
 0001:0000720b       ___castguard_check_failure_nop 0040820b f i LIBCMT:guard_support.obj
 0001:0000720e       ___castguard_check_failure_os_handled 0040820e f i LIBCMT:guard_support.obj
 0001:0000725e       ___castguard_check_failure_user_handled 0040825e f i LIBCMT:guard_support.obj
 0001:000072e6       ___castguard_set_user_handler 004082e6 f i LIBCMT:guard_support.obj
 0001:000072f8       ___castguard_slow_path_check_debugbreak 004082f8 f i LIBCMT:guard_support.obj
 0001:00007330       ___castguard_slow_path_check_fastfail 00408330 f i LIBCMT:guard_support.obj
 0001:0000736d       ___castguard_slow_path_check_nop 0040836d f i LIBCMT:guard_support.obj
 0001:00007370       ___castguard_slow_path_check_os_handled 00408370 f i LIBCMT:guard_support.obj
 0001:000073c1       ___castguard_slow_path_check_user_handled 004083c1 f i LIBCMT:guard_support.obj
 0001:00007439       __guard_icall_checks_enforced 00408439 f i LIBCMT:guard_support.obj
 0001:0000744f       ___isa_available_init      0040844f f   LIBCMT:cpu_disp.obj
 0001:00007698       ___scrt_is_ucrt_dll_in_use 00408698 f   LIBCMT:ucrt_detection.obj
 0001:000076a7       @__security_check_cookie@4 004086a7 f   LIBCMT:secchk.obj
 0001:000076b8       ___raise_securityfailure   004086b8 f   LIBCMT:gs_report.obj
 0001:000076ea       ___report_gsfailure        004086ea f   LIBCMT:gs_report.obj
 0001:00007822       ___report_rangecheckfailure 00408822 f   LIBCMT:gs_report.obj
 0001:00007831       ___report_securityfailure  00408831 f   LIBCMT:gs_report.obj
 0001:00007933       ___report_securityfailureEx 00408933 f   LIBCMT:gs_report.obj
 0001:00007a90       _memset                    00408a90 f   libvcruntime:memset.obj
 0001:00007c80       __except_handler4          00408c80 f   libvcruntime:chandler4.obj
 0001:00007e35       ___vcrt_initialize         00408e35 f   libvcruntime:initialization.obj
 0001:00007e5b       ___vcrt_thread_attach      00408e5b f   libvcruntime:initialization.obj
 0001:00007e68       ___vcrt_thread_detach      00408e68 f   libvcruntime:initialization.obj
 0001:00007e75       ___vcrt_uninitialize       00408e75 f   libvcruntime:initialization.obj
 0001:00007e91       ___vcrt_uninitialize_critical 00408e91 f   libvcruntime:initialization.obj
 0001:00007eae       ??$?RD@__crt_internal_free_policy@@QBEXQBD@Z 00408eae f i libvcruntime:std_type_info.obj
 0001:00007ec2       ??$?RX@__crt_internal_free_policy@@QBEXQBX@Z 00408ec2 f i libvcruntime:std_type_info.obj
 0001:00007ed6       ??$__crt_interlocked_compare_exchange_pointer@$$CBDPAD$$T@@YAPBDPDSBDQAD$$T@Z 00408ed6 f i libvcruntime:std_type_info.obj
 0001:00007eec       ??$__crt_interlocked_read_pointer@$$CBD@@YAPBDPDSBD@Z 00408eec f i libvcruntime:std_type_info.obj
 0001:00007ef9       ??0?$__crt_unique_heap_ptr@DU__crt_internal_free_policy@@@@QAE@QAD@Z 00408ef9 f i libvcruntime:std_type_info.obj
 0001:00007f0a       ??0?$__crt_unique_heap_ptr@XU__crt_internal_free_policy@@@@QAE@QAX@Z 00408f0a f i libvcruntime:std_type_info.obj
 0001:00007f1b       ??1?$__crt_unique_heap_ptr@DU__crt_internal_free_policy@@@@QAE@XZ 00408f1b f i libvcruntime:std_type_info.obj
 0001:00007f2f       ??1?$__crt_unique_heap_ptr@XU__crt_internal_free_policy@@@@QAE@XZ 00408f2f f i libvcruntime:std_type_info.obj
 0001:00007f43       ??B?$__crt_unique_heap_ptr@DU__crt_internal_free_policy@@@@QBE_NXZ 00408f43 f i libvcruntime:std_type_info.obj
 0001:00007f4a       ??B?$__crt_unique_heap_ptr@XU__crt_internal_free_policy@@@@QBE_NXZ 00408f4a f i libvcruntime:std_type_info.obj
 0001:00007f79       ?__crt_interlocked_read_32@@YAHPDH@Z 00408f79 f i libvcruntime:std_type_info.obj
 0001:00007f86       ?detach@?$__crt_unique_heap_ptr@XU__crt_internal_free_policy@@@@QAEPAXXZ 00408f86 f i libvcruntime:std_type_info.obj
 0001:00007f8c       ?get@?$__crt_unique_heap_ptr@DU__crt_internal_free_policy@@@@QBEPADXZ 00408f8c f i libvcruntime:std_type_info.obj
 0001:00007f8f       ?get@?$__crt_unique_heap_ptr@XU__crt_internal_free_policy@@@@QBEPAXXZ 00408f8f f i libvcruntime:std_type_info.obj
 0001:00007f92       ?is_valid@?$__crt_unique_heap_ptr@DU__crt_internal_free_policy@@@@QBE_NXZ 00408f92 f i libvcruntime:std_type_info.obj
 0001:00007f99       ?is_valid@?$__crt_unique_heap_ptr@XU__crt_internal_free_policy@@@@QBE_NXZ 00408f99 f i libvcruntime:std_type_info.obj
 0001:00007fa0       ?release@?$__crt_unique_heap_ptr@DU__crt_internal_free_policy@@@@QAEXXZ 00408fa0 f i libvcruntime:std_type_info.obj
 0001:00007fb4       ?release@?$__crt_unique_heap_ptr@XU__crt_internal_free_policy@@@@QAEXXZ 00408fb4 f i libvcruntime:std_type_info.obj
 0001:00007fc8       ___std_type_info_compare   00408fc8 f   libvcruntime:std_type_info.obj
 0001:00008013       ___std_type_info_destroy_list 00409013 f   libvcruntime:std_type_info.obj
 0001:0000803e       ___std_type_info_hash      0040903e f   libvcruntime:std_type_info.obj
 0001:0000806d       ___std_type_info_name      0040906d f   libvcruntime:std_type_info.obj
 0001:00008164       ___DestructExceptionObject 00409164 f   libvcruntime:ehhelpers.obj
 0001:0000822d       ?_CallMemberFunction0@@YGXQAX0@Z 0040922d f i libvcruntime:ehhelpers.obj
 0001:000082ab       ?raw_name@type_info@@QBEPBDXZ 004092ab f i libvcruntime:ehhelpers.obj
 0001:000082af       __IsExceptionObjectToBeDestroyed 004092af f   libvcruntime:ehhelpers.obj
 0001:000082de       __SetWinRTOutOfMemoryExceptionCallback 004092de f   libvcruntime:ehhelpers.obj
 0001:000082ee       ___AdjustPointer           004092ee f   libvcruntime:ehhelpers.obj
 0001:0000831c       ___FrameUnwindFilter       0040931c f   libvcruntime:ehhelpers.obj
 0001:00008387       ___GetPlatformExceptionInfo 00409387 f   libvcruntime:ehhelpers.obj
 0001:000083e6       ___current_exception       004093e6 f   libvcruntime:ehhelpers.obj
 0001:000083f1       ___current_exception_context 004093f1 f   libvcruntime:ehhelpers.obj
 0001:000083fc       ___processing_throw        004093fc f   libvcruntime:ehhelpers.obj
 0001:00008407       ___std_terminate           00409407 f   libvcruntime:ehhelpers.obj
 0001:0000840c       __is_exception_typeof      0040940c f   libvcruntime:ehhelpers.obj
 0001:000084e0       __local_unwind4            004094e0 f   libvcruntime:exsup4.obj
 0001:00008610       __seh_longjmp_unwind4@4    00409610 f   libvcruntime:exsup4.obj
 0001:00008650       @_EH4_CallFilterFunc@8     00409650 f   libvcruntime:exsup4.obj
 0001:00008670       @_EH4_TransferToHandler@8  00409670 f   libvcruntime:exsup4.obj
 0001:00008690       @_EH4_GlobalUnwind2@8      00409690 f   libvcruntime:exsup4.obj
 0001:000086b0       @_EH4_LocalUnwind@16       004096b0 f   libvcruntime:exsup4.obj
 0001:000086d9       ___except_validate_context_record 004096d9 f   libvcruntime:jbcxrval.obj
 0001:00008715       ___except_validate_jump_buffer 00409715 f   libvcruntime:jbcxrval.obj
 0001:0000874d       ___except_validate_jump_buffer_common 0040974d f i libvcruntime:jbcxrval.obj
 0001:00008794       ??$?RU__vcrt_ptd@@@__crt_internal_free_policy@@QBEXQBU__vcrt_ptd@@@Z 00409794 f i libvcruntime:per_thread_data.obj
 0001:000087a8       ??0?$__crt_unique_heap_ptr@U__vcrt_ptd@@U__crt_internal_free_policy@@@@QAE@QAU__vcrt_ptd@@@Z 004097a8 f i libvcruntime:per_thread_data.obj
 0001:000087cb       ??1?$__crt_unique_heap_ptr@U__vcrt_ptd@@U__crt_internal_free_policy@@@@QAE@XZ 004097cb f i libvcruntime:per_thread_data.obj
 0001:000087ea       ??B?$__crt_unique_heap_ptr@U__vcrt_ptd@@U__crt_internal_free_policy@@@@QBE_NXZ 004097ea f i libvcruntime:per_thread_data.obj
 0001:000087f1       ?detach@?$__crt_unique_heap_ptr@U__vcrt_ptd@@U__crt_internal_free_policy@@@@QAEPAU__vcrt_ptd@@XZ 004097f1 f i libvcruntime:per_thread_data.obj
 0001:000087f7       ?get@?$__crt_unique_heap_ptr@U__vcrt_ptd@@U__crt_internal_free_policy@@@@QBEPAU__vcrt_ptd@@XZ 004097f7 f i libvcruntime:per_thread_data.obj
 0001:000087fa       ?is_valid@?$__crt_unique_heap_ptr@U__vcrt_ptd@@U__crt_internal_free_policy@@@@QBE_NXZ 004097fa f i libvcruntime:per_thread_data.obj
 0001:00008801       ?release@?$__crt_unique_heap_ptr@U__vcrt_ptd@@U__crt_internal_free_policy@@@@QAEXXZ 00409801 f i libvcruntime:per_thread_data.obj
 0001:00008835       ___vcrt_freefls@4          00409835 f   libvcruntime:per_thread_data.obj
 0001:00008858       ___vcrt_freeptd            00409858 f   libvcruntime:per_thread_data.obj
 0001:0000889b       ___vcrt_getptd             0040989b f   libvcruntime:per_thread_data.obj
 0001:000088ac       ___vcrt_getptd_noexit      004098ac f   libvcruntime:per_thread_data.obj
 0001:00008962       ___vcrt_getptd_noinit      00409962 f   libvcruntime:per_thread_data.obj
 0001:000089a6       ___vcrt_initialize_ptd     004099a6 f   libvcruntime:per_thread_data.obj
 0001:000089e5       ___vcrt_uninitialize_ptd   004099e5 f   libvcruntime:per_thread_data.obj
 0001:00008a06       ___vcrt_initialize_locks   00409a06 f   libvcruntime:locks.obj
 0001:00008a51       ___vcrt_lock               00409a51 f   libvcruntime:locks.obj
 0001:00008a6b       ___vcrt_uninitialize_locks 00409a6b f   libvcruntime:locks.obj
 0001:00008aa5       ___vcrt_unlock             00409aa5 f   libvcruntime:locks.obj
 0001:00008abf       ??$?0$00@DName@@QAE@PBDU?$StringLifeSelector@$00@@@Z 00409abf f i libvcruntime:undname.obj
 0001:00008afe       ??$?0$00@pcharNode@@QAE@PBDHU?$StringLifeSelector@$00@@@Z 00409afe f i libvcruntime:undname.obj
 0001:00008b1f       ??$?0$01@DName@@QAE@PBDU?$StringLifeSelector@$01@@@Z 00409b1f f i libvcruntime:undname.obj
 0001:00008b5e       ??$?0$01@pcharNode@@QAE@PBDHU?$StringLifeSelector@$01@@@Z 00409b5e f i libvcruntime:undname.obj
 0001:00008bae       ??$?0$0A@@DName@@QAE@PBDU?$StringLifeSelector@$0A@@@@Z 00409bae f i libvcruntime:undname.obj
 0001:00008bed       ??$?0$0A@@pcharNode@@QAE@PBDHU?$StringLifeSelector@$0A@@@@Z 00409bed f i libvcruntime:undname.obj
 0001:00008c3d       ??$?0_K$0A@@?$optional@_K@std@@QAE@$$QA_K@Z 00409c3d f i libvcruntime:undname.obj
 0001:00008c5d       ??$?0_K@?$_Optional_construct_base@_K@std@@QAE@Uin_place_t@1@$$QA_K@Z 00409c5d f i libvcruntime:undname.obj
 0001:00008c7d       ??$?0_K@?$_Optional_destruct_base@_K$00@std@@QAE@Uin_place_t@1@$$QA_K@Z 00409c7d f i libvcruntime:undname.obj
 0001:00008c9d       ??$append@VDNameNode@@@DName@@AAEXPBVDNameNode@@@Z 00409c9d f i libvcruntime:undname.obj
 0001:00008cee       ??$append@VDNameStatusNode@@@DName@@AAEXPBVDNameStatusNode@@@Z 00409cee f i libvcruntime:undname.obj
 0001:00008d3f       ??$append@VcharNode@@@DName@@AAEXPBVcharNode@@@Z 00409d3f f i libvcruntime:undname.obj
 0001:00008d90       ??$append@VpDNameNode@@@DName@@AAEXPBVpDNameNode@@@Z 00409d90 f i libvcruntime:undname.obj
 0001:00008de1       ??$append@VpcharNode@@@DName@@AAEXPBVpcharNode@@@Z 00409de1 f i libvcruntime:undname.obj
 0001:00008e32       ??$doPchar@$00@DName@@AAEXPBDH@Z 00409e32 f i libvcruntime:undname.obj
 0001:00008eb7       ??$doPchar@$01@DName@@AAEXPBDH@Z 00409eb7 f i libvcruntime:undname.obj
 0001:00008f44       ??$doPchar@$0A@@DName@@AAEXPBDH@Z 00409f44 f i libvcruntime:undname.obj
 0001:00008fd1       ??$forward@_K@std@@YA$$QA_KAA_K@Z 00409fd1 f i libvcruntime:undname.obj
 0001:000090c6       ??$size@D$04@std@@YAIAAY04$$CBD@Z 0040a0c6 f i libvcruntime:undname.obj
 0001:000090ca       ??0?$_Optional_construct_base@_K@std@@QAE@XZ 0040a0ca f i libvcruntime:undname.obj
 0001:000090d1       ??0?$_Optional_destruct_base@_K$00@std@@QAE@XZ 0040a0d1 f i libvcruntime:undname.obj
 0001:000090d8       ??0?$optional@_K@std@@QAE@XZ 0040a0d8 f i libvcruntime:undname.obj
 0001:000090df       ??0Block@_HeapManager@@QAE@XZ 0040a0df f i libvcruntime:undname.obj
 0001:000090e5       ??0DName@@QAE@AAPBDD@Z     0040a0e5 f   libvcruntime:undname.obj
 0001:00009185       ??0DName@@QAE@ABUStringLiteral@@@Z 0040a185 f   libvcruntime:undname.obj
 0001:000091b5       ??0DName@@QAE@ABV0@@Z      0040a1b5 f i libvcruntime:undname.obj
 0001:000091d0       ??0DName@@QAE@D@Z          0040a1d0 f   libvcruntime:undname.obj
 0001:000091f3       ??0DName@@QAE@PAV0@@Z      0040a1f3 f   libvcruntime:undname.obj
 0001:0000924e       ??0DName@@QAE@W4DNameStatus@@@Z 0040a24e f   libvcruntime:undname.obj
 0001:0000929e       ??0DName@@QAE@XZ           0040a29e f i libvcruntime:undname.obj
 0001:000092aa       ??0DName@@QAE@_J@Z         0040a2aa f   libvcruntime:undname.obj
 0001:00009356       ??0DName@@QAE@_K@Z         0040a356 f   libvcruntime:undname.obj
 0001:000093d3       ??0DNameNode@@IAE@XZ       0040a3d3 f i libvcruntime:undname.obj
 0001:000093de       ??0Replicator@@QAE@XZ      0040a3de f i libvcruntime:undname.obj
 0001:000093ef       ??0UnDecorator@@QAE@PBDP6APADJ@ZK@Z 0040a3ef f i libvcruntime:undname.obj
 0001:0000944e       ??0_Nontrivial_dummy_type@std@@QAE@XZ 0040a44e f i libvcruntime:undname.obj
 0001:00009451       ??0charNode@@QAE@D@Z       0040a451 f i libvcruntime:undname.obj
 0001:0000946b       ??0pDNameNode@@QAE@PAVDName@@@Z 0040a46b f   libvcruntime:undname.obj
 0001:0000949d       ??0pairNode@@QAE@PBVDNameNode@@0@Z 0040a49d f i libvcruntime:undname.obj
 0001:000094ca       ??2@YAPAXIAAV_HeapManager@@H@Z 0040a4ca f   libvcruntime:undname.obj
 0001:000094f0       ??4DName@@QAEAAV0@ABUStringLiteral@@@Z 0040a4f0 f   libvcruntime:undname.obj
 0001:00009519       ??4DName@@QAEAAV0@ABV0@@Z  0040a519 f   libvcruntime:undname.obj
 0001:00009534       ??4DName@@QAEAAV0@D@Z      0040a534 f i libvcruntime:undname.obj
 0001:00009557       ??4DName@@QAEAAV0@PAV0@@Z  0040a557 f   libvcruntime:undname.obj
 0001:000095aa       ??4DName@@QAEAAV0@W4DNameStatus@@@Z 0040a5aa f   libvcruntime:undname.obj
 0001:000095e8       ??AReplicator@@QBE?AVDName@@H@Z 0040a5e8 f   libvcruntime:undname.obj
 0001:00009633       ??B?$optional@_K@std@@QBE_NXZ 0040a633 f i libvcruntime:undname.obj
 0001:00009637       ??D?$_Optional_construct_base@_K@std@@QGAEAA_KXZ 0040a637 f i libvcruntime:undname.obj
 0001:0000963a       ??H@YA?AVDName@@ABUStringLiteral@@ABV0@@Z 0040a63a f i libvcruntime:undname.obj
 0001:00009664       ??H@YA?AVDName@@DABV0@@Z   0040a664 f i libvcruntime:undname.obj
 0001:00009699       ??H@YA?AVDName@@W4DNameStatus@@ABV0@@Z 0040a699 f i libvcruntime:undname.obj
 0001:000096c3       ??HDName@@QBE?AV0@ABUStringLiteral@@@Z 0040a6c3 f   libvcruntime:undname.obj
 0001:000096ed       ??HDName@@QBE?AV0@ABV0@@Z  0040a6ed f   libvcruntime:undname.obj
 0001:00009717       ??HDName@@QBE?AV0@D@Z      0040a717 f   libvcruntime:undname.obj
 0001:00009741       ??HDName@@QBE?AV0@PAV0@@Z  0040a741 f   libvcruntime:undname.obj
 0001:0000976b       ??HDName@@QBE?AV0@W4DNameStatus@@@Z 0040a76b f   libvcruntime:undname.obj
 0001:00009795       ??HStringLiteral@@QBE?AU0@H@Z 0040a795 f i libvcruntime:undname.obj
 0001:000097b5       ??YDName@@QAEAAV0@ABUStringLiteral@@@Z 0040a7b5 f   libvcruntime:undname.obj
 0001:00009823       ??YDName@@QAEAAV0@ABV0@@Z  0040a823 f   libvcruntime:undname.obj
 0001:0000988f       ??YDName@@QAEAAV0@D@Z      0040a88f f   libvcruntime:undname.obj
 0001:000098f9       ??YDName@@QAEAAV0@PAV0@@Z  0040a8f9 f   libvcruntime:undname.obj
 0001:00009976       ??YDName@@QAEAAV0@W4DNameStatus@@@Z 0040a976 f   libvcruntime:undname.obj
 0001:000099c6       ??YReplicator@@QAEAAV0@ABVDName@@@Z 0040a9c6 f   libvcruntime:undname.obj
 0001:00009a16       ??_5DName@@QAEAAV0@ABV0@@Z 0040aa16 f   libvcruntime:undname.obj
 0001:00009a3c       ??__K_l@@YA?AUStringLiteral@@PBDI@Z 0040aa3c f i libvcruntime:undname.obj
 0001:00009a49       ?Constructor@_HeapManager@@QAEXP6APAXI@ZP6AXPAX@Z@Z 0040aa49 f i libvcruntime:undname.obj
 0001:00009a6d       ?Destructor@_HeapManager@@QAEXXZ 0040aa6d f i libvcruntime:undname.obj
 0001:00009ac1       ?UScore@UnDecorator@@SA?AUStringLiteral@@W4Tokens@@@Z 0040aac1 f   libvcruntime:undname.obj
 0001:00009af1       ?composeDeclaration@UnDecorator@@CA?AVDName@@ABV2@@Z 0040aaf1 f i libvcruntime:undname.obj
 0001:0000ab27       ?doAccessSpecifiers@UnDecorator@@SAHXZ 0040bb27 f i libvcruntime:undname.obj
 0001:0000ab38       ?doAllocationLanguage@UnDecorator@@SAHXZ 0040bb38 f i libvcruntime:undname.obj
 0001:0000ab49       ?doAllocationModel@UnDecorator@@SAHXZ 0040bb49 f i libvcruntime:undname.obj
 0001:0000ab5a       ?doEcsu@UnDecorator@@SAHXZ 0040bb5a f i libvcruntime:undname.obj
 0001:0000ab6b       ?doEllipsis@UnDecorator@@SAHXZ 0040bb6b f i libvcruntime:undname.obj
 0001:0000ab7c       ?doFunctionReturns@UnDecorator@@SAHXZ 0040bb7c f i libvcruntime:undname.obj
 0001:0000ab8d       ?doMSKeywords@UnDecorator@@SAHXZ 0040bb8d f i libvcruntime:undname.obj
 0001:0000ab9d       ?doMemberTypes@UnDecorator@@SAHXZ 0040bb9d f i libvcruntime:undname.obj
 0001:0000abae       ?doNameOnly@UnDecorator@@SAHXZ 0040bbae f i libvcruntime:undname.obj
 0001:0000abbb       ?doNoIdentCharCheck@UnDecorator@@SAHXZ 0040bbbb f i libvcruntime:undname.obj
 0001:0000abc8       ?doPchar@DName@@AAEXD@Z    0040bbc8 f   libvcruntime:undname.obj
 0001:0000ac0e       ?doPtr64@UnDecorator@@SAHXZ 0040bc0e f i libvcruntime:undname.obj
 0001:0000ac1f       ?doRestrictionSpec@UnDecorator@@SAHXZ 0040bc1f f i libvcruntime:undname.obj
 0001:0000ac30       ?doThisTypes@UnDecorator@@SAHXZ 0040bc30 f i libvcruntime:undname.obj
 0001:0000ac46       ?doThrowTypes@UnDecorator@@SAHXZ 0040bc46 f i libvcruntime:undname.obj
 0001:0000ac57       ?doTypeOnly@UnDecorator@@SAHXZ 0040bc57 f i libvcruntime:undname.obj
 0001:0000ac64       ?doUnderScore@UnDecorator@@SAHXZ 0040bc64 f i libvcruntime:undname.obj
 0001:0000ac71       ?getAddressOf@UnDecorator@@CA?AVDName@@XZ 0040bc71 f   libvcruntime:undname.obj
 0001:0000acf3       ?getArgumentList@UnDecorator@@CA?AVDName@@XZ 0040bcf3 f   libvcruntime:undname.obj
 0001:0000aeb7       ?getArgumentTypes@UnDecorator@@CA?AVDName@@XZ 0040beb7 f   libvcruntime:undname.obj
 0001:0000b001       ?getArrayAccess@UnDecorator@@CA?AVDName@@XZ 0040c001 f   libvcruntime:undname.obj
 0001:0000b092       ?getArrayObject@UnDecorator@@CA?AVDName@@XZ 0040c092 f   libvcruntime:undname.obj
 0001:0000b13f       ?getArrayType@UnDecorator@@CA?AVDName@@ABV2@@Z 0040c13f f i libvcruntime:undname.obj
 0001:0000b343       ?getBasedType@UnDecorator@@CA?AVDName@@XZ 0040c343 f   libvcruntime:undname.obj
 0001:0000b41d       ?getBasicDataType@UnDecorator@@CA?AVDName@@ABV2@@Z 0040c41d f   libvcruntime:undname.obj
 0001:0000bad0       ?getCHPEName@UnDecorator@@QAEPADPADH@Z 0040cad0 f i libvcruntime:undname.obj
 0001:0000bbe4       ?getCallIndex@UnDecorator@@CA?AVDName@@XZ 0040cbe4 f i libvcruntime:undname.obj
 0001:0000bbfd       ?getCallingConvention@UnDecorator@@CA?AVDName@@XZ 0040cbfd f   libvcruntime:undname.obj
 0001:0000bd07       ?getDataIndirectType@UnDecorator@@CA?AVDName@@ABV2@W4IndirectionKind@@0H@Z 0040cd07 f   libvcruntime:undname.obj
 0001:0000c6a5       ?getDataIndirectType@UnDecorator@@CA?AVDName@@XZ 0040d6a5 f i libvcruntime:undname.obj
 0001:0000c6de       ?getDataType@UnDecorator@@CA?AVDName@@PAV2@@Z 0040d6de f   libvcruntime:undname.obj
 0001:0000c7ea       ?getDecoratedName@UnDecorator@@CA?AVDName@@XZ 0040d7ea f   libvcruntime:undname.obj
 0001:0000cad3       ?getDimension@UnDecorator@@CA?AVDName@@_N@Z 0040dad3 f   libvcruntime:undname.obj
 0001:0000cc1b       ?getDispatchTarget@UnDecorator@@CA?AVDName@@XZ 0040dc1b f   libvcruntime:undname.obj
 0001:0000cc80       ?getDisplacement@UnDecorator@@CA?AVDName@@XZ 0040dc80 f i libvcruntime:undname.obj
 0001:0000cc99       ?getECSUDataType@UnDecorator@@CA?AVDName@@XZ 0040dc99 f   libvcruntime:undname.obj
 0001:0000cead       ?getECSUName@UnDecorator@@CA?AVDName@@XZ 0040dead f i libvcruntime:undname.obj
 0001:0000cec2       ?getEnumType@UnDecorator@@CA?AVDName@@XZ 0040dec2 f i libvcruntime:undname.obj
 0001:0000d02a       ?getExtendedDataIndirectType@UnDecorator@@CA?AVDName@@AAW4IndirectionKind@@AA_NH@Z 0040e02a f   libvcruntime:undname.obj
 0001:0000d241       ?getExternalDataType@UnDecorator@@CA?AVDName@@ABV2@@Z 0040e241 f i libvcruntime:undname.obj
 0001:0000d2bf       ?getFloatingPoint@UnDecorator@@CA?AVDName@@H@Z 0040e2bf f   libvcruntime:undname.obj
 0001:0000d3ac       ?getFunctionIndirectType@UnDecorator@@CA?AVDName@@ABV2@@Z 0040e3ac f   libvcruntime:undname.obj
 0001:0000d840       ?getGuardNumber@UnDecorator@@CA?AVDName@@XZ 0040e840 f i libvcruntime:undname.obj
 0001:0000d859       ?getLastChar@DName@@QBEDXZ 0040e859 f i libvcruntime:undname.obj
 0001:0000d881       ?getLastChar@DNameStatusNode@@UBEDXZ 0040e881 f i libvcruntime:undname.obj
 0001:0000d890       ?getLastChar@charNode@@UBEDXZ 0040e890 f i libvcruntime:undname.obj
 0001:0000d894       ?getLastChar@pDNameNode@@UBEDXZ 0040e894 f i libvcruntime:undname.obj
 0001:0000d8a5       ?getLastChar@pairNode@@UBEDXZ 0040e8a5 f i libvcruntime:undname.obj
 0001:0000d8e7       ?getLastChar@pcharNode@@UBEDXZ 0040e8e7 f i libvcruntime:undname.obj
 0001:0000d8fd       ?getLexicalFrame@UnDecorator@@CA?AVDName@@XZ 0040e8fd f i libvcruntime:undname.obj
 0001:0000d93a       ?getMemberAccess@UnDecorator@@CA?AVDName@@XZ 0040e93a f   libvcruntime:undname.obj
 0001:0000d9c6       ?getMemoryWithBuffer@_HeapManager@@QAEPAXI@Z 0040e9c6 f   libvcruntime:undname.obj
 0001:0000da4a       ?getMemoryWithoutBuffer@_HeapManager@@QAEPAXI@Z 0040ea4a f   libvcruntime:undname.obj
 0001:0000da72       ?getNoexcept@UnDecorator@@CA?AVDName@@XZ 0040ea72 f   libvcruntime:undname.obj
 0001:0000dacc       ?getNumberOfDimensions@UnDecorator@@CAHXZ 0040eacc f   libvcruntime:undname.obj
 0001:0000db46       ?getOperatorName@UnDecorator@@CA?AVDName@@_NPA_N@Z 0040eb46 f i libvcruntime:undname.obj
 0001:0000e57a       ?getPointerToMember@UnDecorator@@CA?AVDName@@XZ 0040f57a f   libvcruntime:undname.obj
 0001:0000e665       ?getPointerType@UnDecorator@@CA?AVDName@@ABV2@0@Z 0040f665 f i libvcruntime:undname.obj
 0001:0000e686       ?getPointerTypeArray@UnDecorator@@CA?AVDName@@ABV2@0@Z 0040f686 f i libvcruntime:undname.obj
 0001:0000e6a7       ?getPrimaryDataType@UnDecorator@@CA?AVDName@@ABV2@@Z 0040f6a7 f   libvcruntime:undname.obj
 0001:0000e988       ?getPtrRefDataType@UnDecorator@@CA?AVDName@@ABV2@H@Z 0040f988 f   libvcruntime:undname.obj
 0001:0000eb50       ?getPtrRefType@UnDecorator@@CA?AVDName@@ABV2@0W4IndirectionKind@@@Z 0040fb50 f   libvcruntime:undname.obj
 0001:0000eca5       ?getReferenceType@UnDecorator@@CA?AVDName@@ABV2@0W4IndirectionKind@@@Z 0040fca5 f i libvcruntime:undname.obj
 0001:0000ecc8       ?getRestrictionSpec@UnDecorator@@CA?AVDName@@XZ 0040fcc8 f   libvcruntime:undname.obj
 0001:0000ee27       ?getReturnType@UnDecorator@@CA?AVDName@@PAV2@@Z 0040fe27 f   libvcruntime:undname.obj
 0001:0000ee61       ?getScope@UnDecorator@@CA?AVDName@@XZ 0040fe61 f   libvcruntime:undname.obj
 0001:0000f30e       ?getScopedName@UnDecorator@@CA?AVDName@@XZ 0041030e f   libvcruntime:undname.obj
 0001:0000f43d       ?getSignedDimension@UnDecorator@@CA?AVDName@@XZ 0041043d f   libvcruntime:undname.obj
 0001:0000f4a2       ?getStorageConvention@UnDecorator@@CA?AVDName@@XZ 004104a2 f i libvcruntime:undname.obj
 0001:0000f4b7       ?getString@DName@@QBEPADPAD0@Z 004104b7 f i libvcruntime:undname.obj
 0001:0000f4ef       ?getString@DName@@QBEPADPADH@Z 004104ef f i libvcruntime:undname.obj
 0001:0000f559       ?getString@DNameStatusNode@@UBEPADPAD0@Z 00410559 f i libvcruntime:undname.obj
 0001:0000f5b1       ?getString@charNode@@UBEPADPAD0@Z 004105b1 f i libvcruntime:undname.obj
 0001:0000f5cb       ?getString@pDNameNode@@UBEPADPAD0@Z 004105cb f i libvcruntime:undname.obj
 0001:0000f5e7       ?getString@pairNode@@UBEPADPAD0@Z 004105e7 f i libvcruntime:undname.obj
 0001:0000f63e       ?getString@pcharNode@@UBEPADPAD0@Z 0041063e f i libvcruntime:undname.obj
 0001:0000f65f       ?getStringEncoding@UnDecorator@@CA?AVDName@@W4PrefixKind@@H@Z 0041065f f   libvcruntime:undname.obj
 0001:0000f716       ?getStringHelper@@YAPADPADPBD1H@Z 00410716 f i libvcruntime:undname.obj
 0001:0000f74a       ?getStringObject@UnDecorator@@CA?AVDName@@XZ 0041074a f   libvcruntime:undname.obj
 0001:0000f7a7       ?getSymbolName@UnDecorator@@CA?AVDName@@XZ 004107a7 f i libvcruntime:undname.obj
 0001:0000f801       ?getTemplateArgumentList@UnDecorator@@CA?AVDName@@XZ 00410801 f   libvcruntime:undname.obj
 0001:0000fa1d       ?getTemplateName@UnDecorator@@CA?AVDName@@_N@Z 00410a1d f   libvcruntime:undname.obj
 0001:0000fbd5       ?getTemplateNonTypeArgument@UnDecorator@@CA?AVDName@@XZ 00410bd5 f   libvcruntime:undname.obj
 0001:0001008f       ?getTemplateTypeArgument@UnDecorator@@CA?AVDName@@XZ 0041108f f   libvcruntime:undname.obj
 0001:000101e4       ?getThisType@UnDecorator@@CA?AVDName@@XZ 004111e4 f i libvcruntime:undname.obj
 0001:0001021e       ?getThrowTypes@UnDecorator@@CA?AVDName@@XZ 0041121e f   libvcruntime:undname.obj
 0001:00010244       ?getTypeEncoding@UnDecorator@@CAHXZ 00411244 f i libvcruntime:undname.obj
 0001:00010654       ?getUndecoratedName@UnDecorator@@QAEPADPADH@Z 00411654 f i libvcruntime:undname.obj
 0001:000107ba       ?getUnionObject@UnDecorator@@CA?AVDName@@XZ 004117ba f   libvcruntime:undname.obj
 0001:0001088a       ?getVCallThunkType@UnDecorator@@CA?AVDName@@XZ 0041188a f i libvcruntime:undname.obj
 0001:000108e6       ?getValue@UnDecorator@@CA?AV?$optional@_K@std@@XZ 004118e6 f   libvcruntime:undname.obj
 0001:00010952       ?getValueObject@UnDecorator@@CA?AVDName@@XZ 00411952 f   libvcruntime:undname.obj
 0001:00010a8a       ?getVbTableType@UnDecorator@@CA?AVDName@@ABV2@@Z 00411a8a f i libvcruntime:undname.obj
 0001:00010aa4       ?getVdispMapType@UnDecorator@@CA?AVDName@@ABV2@@Z 00411aa4 f i libvcruntime:undname.obj
 0001:00010b1d       ?getVfTableType@UnDecorator@@CA?AVDName@@ABV2@@Z 00411b1d f i libvcruntime:undname.obj
 0001:00010cc6       ?getZName@UnDecorator@@CA?AVDName@@_N0@Z 00411cc6 f   libvcruntime:undname.obj
 0001:00010f65       ?get_current_character_and_increment_buffer@UnDecorator@@CADXZ 00411f65 f i libvcruntime:undname.obj
 0001:00010f7e       ?haveTemplateParameters@UnDecorator@@SAHXZ 00411f7e f i libvcruntime:undname.obj
 0001:00010f8b       ?increment_buffer@UnDecorator@@CA_NI@Z 00411f8b f i libvcruntime:undname.obj
 0001:00010fbd       ?increment_buffer_no_check@UnDecorator@@CAXI@Z 00411fbd f i libvcruntime:undname.obj
 0001:00010fce       ?increment_buffer_no_check@UnDecorator@@CAXXZ 00411fce f i libvcruntime:undname.obj
 0001:00010fd5       ?isArray@DName@@QBEHXZ     00411fd5 f i libvcruntime:undname.obj
 0001:00010fe1       ?isComArray@DName@@QBEHXZ  00411fe1 f i libvcruntime:undname.obj
 0001:00010fed       ?isEmpty@DName@@QBEHXZ     00411fed f i libvcruntime:undname.obj
 0001:00010ff7       ?isFull@Replicator@@QBEHXZ 00411ff7 f i libvcruntime:undname.obj
 0001:00011002       ?isNoTE@DName@@QBEHXZ      00412002 f i libvcruntime:undname.obj
 0001:0001100e       ?isPinPtr@DName@@QBEHXZ    0041200e f i libvcruntime:undname.obj
 0001:0001101a       ?isPtrRef@DName@@QBEHXZ    0041201a f i libvcruntime:undname.obj
 0001:00011026       ?isUDC@DName@@QBEHXZ       00412026 f i libvcruntime:undname.obj
 0001:0001103b       ?isUDTThunk@DName@@QBEHXZ  0041203b f i libvcruntime:undname.obj
 0001:00011050       ?isVCallThunk@DName@@QBEHXZ 00412050 f i libvcruntime:undname.obj
 0001:0001105c       ?isValid@DName@@QBEHXZ     0041205c f i libvcruntime:undname.obj
 0001:00011068       ?length@DName@@QBEHXZ      00412068 f i libvcruntime:undname.obj
 0001:0001108e       ?length@DNameStatusNode@@UBEHXZ 0041208e f i libvcruntime:undname.obj
 0001:00011092       ?length@charNode@@UBEHXZ   00412092 f i libvcruntime:undname.obj
 0001:00011096       ?length@pDNameNode@@UBEHXZ 00412096 f i libvcruntime:undname.obj
 0001:000110a7       ?length@pairNode@@UBEHXZ   004120a7 f i libvcruntime:undname.obj
 0001:00011102       ?length@pcharNode@@UBEHXZ  00412102 f i libvcruntime:undname.obj
 0001:00011106       ?make@DNameStatusNode@@SAPBV1@W4DNameStatus@@@Z 00412106 f i libvcruntime:undname.obj
 0001:00011129       ?parseDecoratedName@UnDecorator@@CA?AVDName@@XZ 00412129 f   libvcruntime:undname.obj
 0001:00011262       ?raw_length@DNameStatusNode@@UBEHXZ 00412262 f i libvcruntime:undname.obj
 0001:00011266       ?raw_length@charNode@@UBEHXZ 00412266 f i libvcruntime:undname.obj
 0001:0001126a       ?raw_length@pDNameNode@@UBEHXZ 0041226a f i libvcruntime:undname.obj
 0001:0001126e       ?raw_length@pairNode@@UBEHXZ 0041226e f i libvcruntime:undname.obj
 0001:00011272       ?raw_length@pcharNode@@UBEHXZ 00412272 f i libvcruntime:undname.obj
 0001:00011276       ?setIsArray@DName@@QAEXXZ  00412276 f i libvcruntime:undname.obj
 0001:00011280       ?setIsComArray@DName@@QAEXXZ 00412280 f i libvcruntime:undname.obj
 0001:0001128a       ?setIsNoTE@DName@@QAEXXZ   0041228a f i libvcruntime:undname.obj
 0001:00011294       ?setIsPinPtr@DName@@QAEXXZ 00412294 f i libvcruntime:undname.obj
 0001:0001129e       ?setIsUDC@DName@@QAEXXZ    0041229e f i libvcruntime:undname.obj
 0001:000112ae       ?setIsVCallThunk@DName@@QAEXXZ 004122ae f i libvcruntime:undname.obj
 0001:000112b8       ?setPtrRef@DName@@QAEAAV1@XZ 004122b8 f i libvcruntime:undname.obj
 0001:000112c4       ?status@DName@@QBE?AW4DNameStatus@@XZ 004122c4 f i libvcruntime:undname.obj
 0001:00011349       ___unDName                 00412349 f   libvcruntime:undname.obj
 0001:00011374       ___unDNameEx               00412374 f   libvcruntime:undname.obj
 0001:0001143a       __vsprintf_s_l             0041243a f i libvcruntime:undname.obj
 0001:00011472       _snprintf                  00412472 f i libvcruntime:undname.obj
 0001:00011492       _sprintf_s                 00412492 f i libvcruntime:undname.obj
 0001:000114b5       _unDNameGenerateCHPE       004124b5 f   libvcruntime:undname.obj
 0001:00011579       _vsnprintf                 00412579 f i libvcruntime:undname.obj
 0001:000115c0       __global_unwind2           004125c0 f   libvcruntime:exsup.obj
 0001:00011650       __local_unwind2            00412650 f   libvcruntime:exsup.obj
 0001:00011710       __abnormal_termination     00412710 f   libvcruntime:exsup.obj
 0001:00011750       __NLG_Notify1              00412750 f   libvcruntime:exsup.obj
 0001:00011760       __NLG_Notify               00412760 f   libvcruntime:exsup.obj
 0001:00011777       __NLG_Dispatch             00412777     libvcruntime:exsup.obj
 0001:00011777       __NLG_Dispatch2            00412777     libvcruntime:exsup.obj
 0001:00011790       __NLG_Call                 00412790 f   libvcruntime:exsup.obj
 0001:00011792       __NLG_Return2              00412792     libvcruntime:exsup.obj
 0001:00011793       ??$__crt_interlocked_exchange_pointer@UHINSTANCE__@@PAU1@@@YAPAUHINSTANCE__@@PDSAU0@QAU0@@Z 00412793 f i libvcruntime:winapi_downlevel.obj
 0001:000117a3       ??$__crt_interlocked_exchange_pointer@UHINSTANCE__@@PAX@@YAPAUHINSTANCE__@@PDSAU0@QAX@Z 004127a3 f i libvcruntime:winapi_downlevel.obj
 0001:000117b3       ??$__crt_interlocked_exchange_pointer@XPAX@@YAPAXPDSAXQAX@Z 004127b3 f i libvcruntime:winapi_downlevel.obj
 0001:000117c3       ??$__crt_interlocked_read_pointer@UHINSTANCE__@@@@YAPAUHINSTANCE__@@PDSAU0@@Z 004127c3 f i libvcruntime:winapi_downlevel.obj
 0001:000117d0       ??$__crt_interlocked_read_pointer@X@@YAPAXPDSAX@Z 004127d0 f i libvcruntime:winapi_downlevel.obj
 0001:00011afa       ___vcrt_FlsAlloc           00412afa f   libvcruntime:winapi_downlevel.obj
 0001:00011b43       ___vcrt_FlsFree            00412b43 f   libvcruntime:winapi_downlevel.obj
 0001:00011b8c       ___vcrt_FlsGetValue        00412b8c f   libvcruntime:winapi_downlevel.obj
 0001:00011bd5       ___vcrt_FlsSetValue        00412bd5 f   libvcruntime:winapi_downlevel.obj
 0001:00011c22       ___vcrt_InitializeCriticalSectionEx 00412c22 f   libvcruntime:winapi_downlevel.obj
 0001:00011c7a       ??$__crt_interlocked_exchange_pointer@$$A6AXXZP6AXXZ@@YAP6AXXZPDS6AXXZQ6AXXZ@Z 00412c7a f i libvcruntime:purevirt.obj
 0001:00011c8a       ??$__crt_interlocked_read_pointer@$$A6AXXZ@@YAP6AXXZPDS6AXXZ@Z 00412c8a f i libvcruntime:purevirt.obj
 0001:00011c97       __get_purecall_handler     00412c97 f   libvcruntime:purevirt.obj
 0001:00011c9e       __purecall                 00412c9e f   libvcruntime:purevirt.obj
 0001:00011cc1       __set_purecall_handler     00412cc1 f   libvcruntime:purevirt.obj
 0001:00011cd3       ??$?0AAViterator@TryBlockMap@__FrameHandler3@@AAV012@$0A@@?$pair@Viterator@TryBlockMap@__FrameHandler3@@V123@@std@@QAE@AAViterator@TryBlockMap@__FrameHandler3@@0@Z 00412cd3 f i libvcruntime:trnsctrl.obj
 0001:00011d00       ??$forward@AAViterator@TryBlockMap@__FrameHandler3@@@std@@YAAAViterator@TryBlockMap@__FrameHandler3@@AAV123@@Z 00412d00 f i libvcruntime:trnsctrl.obj
 0001:00011d0a       ??0iterator@TryBlockMap@__FrameHandler3@@QAE@AAV12@I@Z 00412d0a f i libvcruntime:trnsctrl.obj
 0001:00011d23       ?GetRangeOfTrysToCheck@__FrameHandler3@@SA?AU?$pair@Viterator@TryBlockMap@__FrameHandler3@@V123@@std@@AAVTryBlockMap@1@HPAXPBU_s_FuncInfo@@H@Z 00412d23 f   libvcruntime:trnsctrl.obj
 0001:00011daf       ?_CallCatchBlock2@@YAPAXPAUEHRegistrationNode@@PBU_s_FuncInfo@@PAXHK@Z 00412daf f   libvcruntime:trnsctrl.obj
 0001:00011e23       ?_CallSETranslator@@YAHPAUEHExceptionRecord@@PAUEHRegistrationNode@@PAX2PBU_s_FuncInfo@@H1@Z 00412e23 f   libvcruntime:trnsctrl.obj
 0001:00011f56       ?_JumpToContinuation@@YGXPAXPAUEHRegistrationNode@@@Z 00412f56 f   libvcruntime:trnsctrl.obj
 0001:00011f92       ?_UnwindNestedFrames@@YGXPAUEHRegistrationNode@@PAUEHExceptionRecord@@@Z 00412f92 f   libvcruntime:trnsctrl.obj
 0001:00011ff9       __CatchGuardHandler        00412ff9 f   libvcruntime:trnsctrl.obj
 0001:00012036       __CreateFrameInfo          00413036 f   libvcruntime:trnsctrl.obj
 0001:00012063       __FindAndUnlinkFrame       00413063 f   libvcruntime:trnsctrl.obj
 0001:000120bd       __TranslatorGuardHandler   004130bd f   libvcruntime:trnsctrl.obj
 0001:00012181       ___CxxFrameHandler         00413181 f   libvcruntime:trnsctrl.obj
 0001:000121c4       ___CxxFrameHandler2        004131c4 f   libvcruntime:trnsctrl.obj
 0001:00012207       ___CxxFrameHandler3        00413207 f   libvcruntime:trnsctrl.obj
 0001:0001224a       ___CxxLongjmpUnwind@4      0041324a f   libvcruntime:trnsctrl.obj
 0001:00012280       _memcpy                    00413280 f   libvcruntime:memcpy.obj
 0001:0001324e       ??$TypeMatchHelper@V__FrameHandler3@@@@YAHPBU_s_HandlerType@@PBU_s_CatchableType@@PBU_s_ThrowInfo@@@Z 0041424e f i libvcruntime:frame.obj
 0001:000132ff       ??$__InternalCxxFrameHandler@V__FrameHandler3@@@@YA?AW4_EXCEPTION_DISPOSITION@@PAUEHExceptionRecord@@PAUEHRegistrationNode@@PAU_CONTEXT@@PAXPBU_s_FuncInfo@@H1E@Z 004142ff f i libvcruntime:frame.obj
 0001:00013441       ??$__InternalCxxFrameHandlerWrapper@V__FrameHandler3@@@@YA?AW4_EXCEPTION_DISPOSITION@@PAUEHExceptionRecord@@PAUEHRegistrationNode@@PAU_CONTEXT@@PAXPBU_s_FuncInfo@@H1E@Z 00414441 f i libvcruntime:frame.obj
 0001:0001344c       ??0HandlerMap@__FrameHandler3@@QAE@PBU_s_TryBlockMapEntry@@II@Z 0041444c f i libvcruntime:frame.obj
 0001:00013468       ??0TryBlockMap@__FrameHandler3@@QAE@PBU_s_FuncInfo@@I@Z 00414468 f i libvcruntime:frame.obj
 0001:00013481       ??0bad_exception@std@@QAE@ABV01@@Z 00414481 f i libvcruntime:frame.obj
 0001:000134a2       ??0bad_exception@std@@QAE@XZ 004144a2 f i libvcruntime:frame.obj
 0001:000134c0       ??0exception@std@@QAE@ABV01@@Z 004144c0 f i libvcruntime:frame.obj
 0001:000134f7       ??0exception@std@@QAE@QBDH@Z 004144f7 f i libvcruntime:frame.obj
 0001:0001351b       ??0iterator@HandlerMap@__FrameHandler3@@QAE@AAV12@I@Z 0041451b f i libvcruntime:frame.obj
 0001:00013534       ??1bad_exception@std@@UAE@XZ 00414534 f i libvcruntime:frame.obj
 0001:00013549       ??1exception@std@@UAE@XZ   00414549 f i libvcruntime:frame.obj
 0001:0001355e       ??8iterator@HandlerMap@__FrameHandler3@@QBE_NABV012@@Z 0041455e f i libvcruntime:frame.obj
 0001:00013575       ??8type_info@@QBE_NABV0@@Z 00414575 f i libvcruntime:frame.obj
 0001:0001359b       ??9iterator@HandlerMap@__FrameHandler3@@QBE_NABV012@@Z 0041459b f i libvcruntime:frame.obj
 0001:000135b2       ??Diterator@HandlerMap@__FrameHandler3@@QAE?BU_s_HandlerType@@XZ 004145b2 f i libvcruntime:frame.obj
 0001:000135d8       ??Diterator@TryBlockMap@__FrameHandler3@@QAE?BU_s_TryBlockMapEntry@@XZ 004145d8 f i libvcruntime:frame.obj
 0001:00013602       ??Eiterator@HandlerMap@__FrameHandler3@@QAEAAV012@XZ 00414602 f i libvcruntime:frame.obj
 0001:00013608       ??Eiterator@TryBlockMap@__FrameHandler3@@QAEAAV012@XZ 00414608 f i libvcruntime:frame.obj
 0001:0001360e       ??Miterator@TryBlockMap@__FrameHandler3@@QBE_NABV012@@Z 0041460e f i libvcruntime:frame.obj
 0001:00013625       ??_Ebad_exception@std@@UAEPAXI@Z 00414625 f i libvcruntime:frame.obj
 0001:00013625       ??_Gbad_exception@std@@UAEPAXI@Z 00414625 f i libvcruntime:frame.obj
 0001:0001365d       ??_Eexception@std@@UAEPAXI@Z 0041465d f i libvcruntime:frame.obj
 0001:0001365d       ??_Gexception@std@@UAEPAXI@Z 0041465d f i libvcruntime:frame.obj
 0001:00013695       ?BuildCatchObject@__FrameHandler3@@SAXPAUEHExceptionRecord@@PAXPBU_s_HandlerType@@PBU_s_CatchableType@@@Z 00414695 f   libvcruntime:frame.obj
 0001:0001369a       ?BuildCatchObjectHelper@__FrameHandler3@@SAHPAUEHExceptionRecord@@PAXPBU_s_HandlerType@@PBU_s_CatchableType@@@Z 0041469a f   libvcruntime:frame.obj
 0001:00013991       ?FrameUnwindToEmptyState@__FrameHandler3@@SAXPAUEHRegistrationNode@@PAXPBU_s_FuncInfo@@@Z 00414991 f   libvcruntime:frame.obj
 0001:000139af       ?FrameUnwindToState@__FrameHandler3@@SAXPAUEHRegistrationNode@@PAXPBU_s_FuncInfo@@H@Z 004149af f   libvcruntime:frame.obj
 0001:00013ad1       ?GetMaxState@__FrameHandler3@@SAHPAXPBU_s_FuncInfo@@@Z 00414ad1 f i libvcruntime:frame.obj
 0001:00013be5       ?TypeMatch@__FrameHandler3@@SAHPBU_s_HandlerType@@PBU_s_CatchableType@@PBU_s_ThrowInfo@@@Z 00414be5 f   libvcruntime:frame.obj
 0001:00013bf0       ?_CallMemberFunction1@@YGXQAX00@Z 00414bf0 f i libvcruntime:frame.obj
 0001:00013c04       ?_CallMemberFunction2@@YGXQAX00H@Z 00414c04 f i libvcruntime:frame.obj
 0001:00013c1b       ?begin@HandlerMap@__FrameHandler3@@QAE?AViterator@12@XZ 00414c1b f i libvcruntime:frame.obj
 0001:00013c2f       ?end@HandlerMap@__FrameHandler3@@QAE?AViterator@12@XZ 00414c2f f i libvcruntime:frame.obj
 0001:00013c44       ?getESTypes@__FrameHandler3@@SAPBU_s_ESTypeList@@PBU_s_FuncInfo@@@Z 00414c44 f i libvcruntime:frame.obj
 0001:00013c51       ?getLastEntry@HandlerMap@__FrameHandler3@@QAEPBU_s_HandlerType@@XZ 00414c51 f i libvcruntime:frame.obj
 0001:00013c62       ?getMagicNum@__FrameHandler3@@SAIPBU_s_FuncInfo@@@Z 00414c62 f i libvcruntime:frame.obj
 0001:00013c74       ?getNumTryBlocks@TryBlockMap@__FrameHandler3@@QAEIXZ 00414c74 f i libvcruntime:frame.obj
 0001:00013c7a       ?isEHs@__FrameHandler3@@SA_NPBU_s_FuncInfo@@@Z 00414c7a f i libvcruntime:frame.obj
 0001:00013c8a       ?isNoExcept@__FrameHandler3@@SA_NPBU_s_FuncInfo@@@Z 00414c8a f i libvcruntime:frame.obj
 0001:00013c9e       ?what@exception@std@@UBEPBDXZ 00414c9e f i libvcruntime:frame.obj
 0001:00013cae       ___BuildCatchObject        00414cae f   libvcruntime:frame.obj
 0001:00013cb3       ___BuildCatchObjectHelper  00414cb3 f   libvcruntime:frame.obj
 0001:00013cbe       ___TypeMatch               00414cbe f   libvcruntime:frame.obj
 0001:00013cc9       ___vcrt_EncodePointer      00414cc9 f i libvcruntime:frame.obj
 0001:00013ce0       __CallSettingFrame@12      00414ce0 f   libvcruntime:lowhelpr.obj
 0001:00013d07       __NLG_Return               00414d07     libvcruntime:lowhelpr.obj
 0001:00013d58       __get_unexpected           00414d58 f   libvcruntime:unexpected.obj
 0001:00013d6e       _set_unexpected            00414d6e f   libvcruntime:unexpected.obj
 0001:00013d93       _unexpected                00414d93 f   libvcruntime:unexpected.obj
 0001:00013db7       ?GetCurrentState@__FrameHandler3@@SAHPAUEHRegistrationNode@@PAXPBU_s_FuncInfo@@@Z 00414db7 f   libvcruntime:ehstate.obj
 0001:00013ddb       ?SetState@__FrameHandler3@@SAXPAUEHRegistrationNode@@PBU_s_FuncInfo@@H@Z 00414ddb f   libvcruntime:ehstate.obj
 0001:00013dec       ??$?RD@__crt_public_free_policy@@QBEXQBD@Z 00414dec f i libvcruntime:std_exception.obj
 0001:00013e00       ??0?$__crt_unique_heap_ptr@DU__crt_public_free_policy@@@@QAE@QAD@Z 00414e00 f i libvcruntime:std_exception.obj
 0001:00013e11       ??1?$__crt_unique_heap_ptr@DU__crt_public_free_policy@@@@QAE@XZ 00414e11 f i libvcruntime:std_exception.obj
 0001:00013e25       ??B?$__crt_unique_heap_ptr@DU__crt_public_free_policy@@@@QBE_NXZ 00414e25 f i libvcruntime:std_exception.obj
 0001:00013e2c       ?detach@?$__crt_unique_heap_ptr@DU__crt_public_free_policy@@@@QAEPADXZ 00414e2c f i libvcruntime:std_exception.obj
 0001:00013e32       ?get@?$__crt_unique_heap_ptr@DU__crt_public_free_policy@@@@QBEPADXZ 00414e32 f i libvcruntime:std_exception.obj
 0001:00013e35       ?is_valid@?$__crt_unique_heap_ptr@DU__crt_public_free_policy@@@@QBE_NXZ 00414e35 f i libvcruntime:std_exception.obj
 0001:00013e3c       ?release@?$__crt_unique_heap_ptr@DU__crt_public_free_policy@@@@QAEXXZ 00414e3c f i libvcruntime:std_exception.obj
 0001:00013e50       ___std_exception_copy      00414e50 f   libvcruntime:std_exception.obj
 0001:00013ecb       ___std_exception_destroy   00414ecb f   libvcruntime:std_exception.obj
 0001:00013ef1       __CxxThrowException@8      00414ef1 f   libvcruntime:throw.obj
 0001:00013f80       _memmove                   00414f80 f   libvcruntime:memmove.obj
 0001:00014660       _strlen                    00415660 f   libucrt:strlen.obj
 0001:0001470d       ??$?RPAU__crt_stdio_stream_data@@@__crt_internal_free_policy@@QBEXQBQAU__crt_stdio_stream_data@@@Z 0041570d f i libucrt:_file.obj
 0001:00014723       ??0?$__crt_unique_heap_ptr@PAU__crt_stdio_stream_data@@U__crt_internal_free_policy@@@@QAE@QAPAU__crt_stdio_stream_data@@@Z 00415723 f i libucrt:_file.obj
 0001:00014737       ??0__crt_stdio_stream@@QAE@QAU_iobuf@@@Z 00415737 f i libucrt:_file.obj
 0001:0001474b       ??1?$__crt_unique_heap_ptr@PAU__crt_stdio_stream_data@@U__crt_internal_free_policy@@@@QAE@XZ 0041574b f i libucrt:_file.obj
 0001:00014761       ??C__crt_stdio_stream@@QBEPAU__crt_stdio_stream_data@@XZ 00415761 f i libucrt:_file.obj
 0001:00014764       ?detach@?$__crt_unique_heap_ptr@PAU__crt_stdio_stream_data@@U__crt_internal_free_policy@@@@QAEPAPAU__crt_stdio_stream_data@@XZ 00415764 f i libucrt:_file.obj
 0001:0001476a       ?release@?$__crt_unique_heap_ptr@PAU__crt_stdio_stream_data@@U__crt_internal_free_policy@@@@QAEXXZ 0041576a f i libucrt:_file.obj
 0001:00014780       ___acrt_initialize_stdio   00415780 f   libucrt:_file.obj
 0001:0001487a       ___acrt_iob_func           0041587a f   libucrt:_file.obj
 0001:0001488e       ___acrt_uninitialize_stdio 0041588e f   libucrt:_file.obj
 0001:000148ed       __get_stream_buffer_pointers 004158ed f   libucrt:_file.obj
 0001:00014944       __lock_file                00415944 f   libucrt:_file.obj
 0001:0001495d       __unlock_file              0041595d f   libucrt:_file.obj
 0001:00014976       ??$__crt_interlocked_read@J@@YAJPDJ@Z 00415976 f i libucrt:fgetc.obj
 0001:00014986       ?get_flags@__crt_stdio_stream@@QBEJXZ 00415986 f i libucrt:fgetc.obj
 0001:0001498d       ?is_string_backed@__crt_stdio_stream@@QBE_NXZ 0041598d f i libucrt:fgetc.obj
 0001:0001499c       ?public_stream@__crt_stdio_stream@@QBEPAU_iobuf@@XZ 0041599c f i libucrt:fgetc.obj
 0001:0001499f       ?valid@__crt_stdio_stream@@QBE_NXZ 0041599f f i libucrt:fgetc.obj
 0001:000149a6       __fgetc_nolock             004159a6 f   libucrt:fgetc.obj
 0001:000149f1       __fgetchar                 004159f1 f   libucrt:fgetc.obj
 0001:00014a05       __getc_nolock              00415a05 f   libucrt:fgetc.obj
 0001:00014a12       _fgetc                     00415a12 f   libucrt:fgetc.obj
 0001:00014b61       _getc                      00415b61 f   libucrt:fgetc.obj
 0001:00014b6e       _getchar                   00415b6e f   libucrt:fgetc.obj
 0001:00014b73       ??$?0ABV?$stream_output_adapter@D@__crt_stdio_output@@AB_KABQBDAAV__crt_cached_ptd_host@@ABQAD@?$format_validation_base@DV?$stream_output_adapter@D@__crt_stdio_output@@@__crt_stdio_output@@IAE@ABV?$stream_output_adapter@D@1@AB_KABQBDAAV__crt_cached_ptd_host@@ABQAD@Z 00415b73 f i libucrt:output.obj
 0001:00014b9e       ??$?0ABV?$stream_output_adapter@D@__crt_stdio_output@@AB_KABQBDAAV__crt_cached_ptd_host@@ABQAD@?$positional_parameter_base@DV?$stream_output_adapter@D@__crt_stdio_output@@@__crt_stdio_output@@IAE@ABV?$stream_output_adapter@D@1@AB_KABQBDAAV__crt_cached_ptd_host@@ABQAD@Z 00415b9e f i libucrt:output.obj
 0001:00014bf8       ??$?0ABV?$stream_output_adapter@D@__crt_stdio_output@@AB_KABQBDAAV__crt_cached_ptd_host@@ABQAD@?$standard_base@DV?$stream_output_adapter@D@__crt_stdio_output@@@__crt_stdio_output@@IAE@ABV?$stream_output_adapter@D@1@AB_KABQBDAAV__crt_cached_ptd_host@@ABQAD@Z 00415bf8 f i libucrt:output.obj
 0001:00014c37       ??$?0ABV?$stream_output_adapter@_W@__crt_stdio_output@@AB_KABQB_WAAV__crt_cached_ptd_host@@ABQAD@?$format_validation_base@_WV?$stream_output_adapter@_W@__crt_stdio_output@@@__crt_stdio_output@@IAE@ABV?$stream_output_adapter@_W@1@AB_KABQB_WAAV__crt_cached_ptd_host@@ABQAD@Z 00415c37 f i libucrt:output.obj
 0001:00014c62       ??$?0ABV?$stream_output_adapter@_W@__crt_stdio_output@@AB_KABQB_WAAV__crt_cached_ptd_host@@ABQAD@?$positional_parameter_base@_WV?$stream_output_adapter@_W@__crt_stdio_output@@@__crt_stdio_output@@IAE@ABV?$stream_output_adapter@_W@1@AB_KABQB_WAAV__crt_cached_ptd_host@@ABQAD@Z 00415c62 f i libucrt:output.obj
 0001:00014cbc       ??$?0ABV?$stream_output_adapter@_W@__crt_stdio_output@@AB_KABQB_WAAV__crt_cached_ptd_host@@ABQAD@?$standard_base@_WV?$stream_output_adapter@_W@__crt_stdio_output@@@__crt_stdio_output@@IAE@ABV?$stream_output_adapter@_W@1@AB_KABQB_WAAV__crt_cached_ptd_host@@ABQAD@Z 00415cbc f i libucrt:output.obj
 0001:00014cfb       ??$?0ABV?$string_output_adapter@D@__crt_stdio_output@@AB_KABQBDAAV__crt_cached_ptd_host@@ABQAD@?$format_validation_base@DV?$string_output_adapter@D@__crt_stdio_output@@@__crt_stdio_output@@IAE@ABV?$string_output_adapter@D@1@AB_KABQBDAAV__crt_cached_ptd_host@@ABQAD@Z 00415cfb f i libucrt:output.obj
 0001:00014d26       ??$?0ABV?$string_output_adapter@D@__crt_stdio_output@@AB_KABQBDAAV__crt_cached_ptd_host@@ABQAD@?$positional_parameter_base@DV?$string_output_adapter@D@__crt_stdio_output@@@__crt_stdio_output@@IAE@ABV?$string_output_adapter@D@1@AB_KABQBDAAV__crt_cached_ptd_host@@ABQAD@Z 00415d26 f i libucrt:output.obj
 0001:00014d80       ??$?0ABV?$string_output_adapter@D@__crt_stdio_output@@AB_KABQBDAAV__crt_cached_ptd_host@@ABQAD@?$standard_base@DV?$string_output_adapter@D@__crt_stdio_output@@@__crt_stdio_output@@IAE@ABV?$string_output_adapter@D@1@AB_KABQBDAAV__crt_cached_ptd_host@@ABQAD@Z 00415d80 f i libucrt:output.obj
 0001:00014dbf       ??$?0ABV?$string_output_adapter@_W@__crt_stdio_output@@AB_KABQB_WAAV__crt_cached_ptd_host@@ABQAD@?$format_validation_base@_WV?$string_output_adapter@_W@__crt_stdio_output@@@__crt_stdio_output@@IAE@ABV?$string_output_adapter@_W@1@AB_KABQB_WAAV__crt_cached_ptd_host@@ABQAD@Z 00415dbf f i libucrt:output.obj
 0001:00014dea       ??$?0ABV?$string_output_adapter@_W@__crt_stdio_output@@AB_KABQB_WAAV__crt_cached_ptd_host@@ABQAD@?$positional_parameter_base@_WV?$string_output_adapter@_W@__crt_stdio_output@@@__crt_stdio_output@@IAE@ABV?$string_output_adapter@_W@1@AB_KABQB_WAAV__crt_cached_ptd_host@@ABQAD@Z 00415dea f i libucrt:output.obj
 0001:00014e44       ??$?0ABV?$string_output_adapter@_W@__crt_stdio_output@@AB_KABQB_WAAV__crt_cached_ptd_host@@ABQAD@?$standard_base@_WV?$string_output_adapter@_W@__crt_stdio_output@@@__crt_stdio_output@@IAE@ABV?$string_output_adapter@_W@1@AB_KABQB_WAAV__crt_cached_ptd_host@@ABQAD@Z 00415e44 f i libucrt:output.obj
 0001:00015243       ??$_tcstol_internal@DPAPAD$0A@@@YAJAAV__crt_cached_ptd_host@@QBDQAPADH@Z 00416243 f i libucrt:output.obj
 0001:00015278       ??$_tcstol_internal@_WPAPA_W$0A@@@YAJAAV__crt_cached_ptd_host@@QB_WQAPA_WH@Z 00416278 f i libucrt:output.obj
 0001:000165a1       ??$count@D@formatting_buffer@__crt_stdio_output@@QBEIXZ 004175a1 f i libucrt:output.obj
 0001:000165bf       ??$count@_W@formatting_buffer@__crt_stdio_output@@QBEIXZ 004175bf f i libucrt:output.obj
 0001:000165de       ??$data@D@formatting_buffer@__crt_stdio_output@@QAEPADXZ 004175de f i libucrt:output.obj
 0001:000165ee       ??$data@_W@formatting_buffer@__crt_stdio_output@@QAEPA_WXZ 004175ee f i libucrt:output.obj
 0001:000165fe       ??$ensure_buffer_is_big_enough@D@formatting_buffer@__crt_stdio_output@@QAE_NIAAV__crt_cached_ptd_host@@@Z 004175fe f i libucrt:output.obj
 0001:0001669f       ??$ensure_buffer_is_big_enough@_W@formatting_buffer@__crt_stdio_output@@QAE_NIAAV__crt_cached_ptd_host@@@Z 0041769f f i libucrt:output.obj
 0001:00016741       ??$extract_argument_from_va_list@C_J@?$positional_parameter_base@DV?$stream_output_adapter@D@__crt_stdio_output@@@__crt_stdio_output@@IAE_NAA_J@Z 00417741 f i libucrt:output.obj
 0001:000167eb       ??$extract_argument_from_va_list@C_J@?$positional_parameter_base@DV?$string_output_adapter@D@__crt_stdio_output@@@__crt_stdio_output@@IAE_NAA_J@Z 004177eb f i libucrt:output.obj
 0001:00016895       ??$extract_argument_from_va_list@C_J@?$positional_parameter_base@_WV?$stream_output_adapter@_W@__crt_stdio_output@@@__crt_stdio_output@@IAE_NAA_J@Z 00417895 f i libucrt:output.obj
 0001:00016940       ??$extract_argument_from_va_list@C_J@?$positional_parameter_base@_WV?$string_output_adapter@_W@__crt_stdio_output@@@__crt_stdio_output@@IAE_NAA_J@Z 00417940 f i libucrt:output.obj
 0001:000169eb       ??$extract_argument_from_va_list@C_J@?$standard_base@DV?$stream_output_adapter@D@__crt_stdio_output@@@__crt_stdio_output@@IAE_NAA_J@Z 004179eb f i libucrt:output.obj
 0001:00016a11       ??$extract_argument_from_va_list@C_J@?$standard_base@DV?$string_output_adapter@D@__crt_stdio_output@@@__crt_stdio_output@@IAE_NAA_J@Z 00417a11 f i libucrt:output.obj
 0001:00016a37       ??$extract_argument_from_va_list@C_J@?$standard_base@_WV?$stream_output_adapter@_W@__crt_stdio_output@@@__crt_stdio_output@@IAE_NAA_J@Z 00417a37 f i libucrt:output.obj
 0001:00016a5d       ??$extract_argument_from_va_list@C_J@?$standard_base@_WV?$string_output_adapter@_W@__crt_stdio_output@@@__crt_stdio_output@@IAE_NAA_J@Z 00417a5d f i libucrt:output.obj
 0001:00016a83       ??$extract_argument_from_va_list@E_J@?$positional_parameter_base@DV?$stream_output_adapter@D@__crt_stdio_output@@@__crt_stdio_output@@IAE_NAA_J@Z 00417a83 f i libucrt:output.obj
 0001:00016b2d       ??$extract_argument_from_va_list@E_J@?$positional_parameter_base@DV?$string_output_adapter@D@__crt_stdio_output@@@__crt_stdio_output@@IAE_NAA_J@Z 00417b2d f i libucrt:output.obj
 0001:00016bd7       ??$extract_argument_from_va_list@E_J@?$positional_parameter_base@_WV?$stream_output_adapter@_W@__crt_stdio_output@@@__crt_stdio_output@@IAE_NAA_J@Z 00417bd7 f i libucrt:output.obj
 0001:00016c82       ??$extract_argument_from_va_list@E_J@?$positional_parameter_base@_WV?$string_output_adapter@_W@__crt_stdio_output@@@__crt_stdio_output@@IAE_NAA_J@Z 00417c82 f i libucrt:output.obj
 0001:00016d2d       ??$extract_argument_from_va_list@E_J@?$standard_base@DV?$stream_output_adapter@D@__crt_stdio_output@@@__crt_stdio_output@@IAE_NAA_J@Z 00417d2d f i libucrt:output.obj
 0001:00016d53       ??$extract_argument_from_va_list@E_J@?$standard_base@DV?$string_output_adapter@D@__crt_stdio_output@@@__crt_stdio_output@@IAE_NAA_J@Z 00417d53 f i libucrt:output.obj
 0001:00016d79       ??$extract_argument_from_va_list@E_J@?$standard_base@_WV?$stream_output_adapter@_W@__crt_stdio_output@@@__crt_stdio_output@@IAE_NAA_J@Z 00417d79 f i libucrt:output.obj
 0001:00016d9f       ??$extract_argument_from_va_list@E_J@?$standard_base@_WV?$string_output_adapter@_W@__crt_stdio_output@@@__crt_stdio_output@@IAE_NAA_J@Z 00417d9f f i libucrt:output.obj
 0001:00016dc5       ??$extract_argument_from_va_list@F_J@?$positional_parameter_base@DV?$stream_output_adapter@D@__crt_stdio_output@@@__crt_stdio_output@@IAE_NAA_J@Z 00417dc5 f i libucrt:output.obj
 0001:00016e6f       ??$extract_argument_from_va_list@F_J@?$positional_parameter_base@DV?$string_output_adapter@D@__crt_stdio_output@@@__crt_stdio_output@@IAE_NAA_J@Z 00417e6f f i libucrt:output.obj
 0001:00016f19       ??$extract_argument_from_va_list@F_J@?$positional_parameter_base@_WV?$stream_output_adapter@_W@__crt_stdio_output@@@__crt_stdio_output@@IAE_NAA_J@Z 00417f19 f i libucrt:output.obj
 0001:00016fc4       ??$extract_argument_from_va_list@F_J@?$positional_parameter_base@_WV?$string_output_adapter@_W@__crt_stdio_output@@@__crt_stdio_output@@IAE_NAA_J@Z 00417fc4 f i libucrt:output.obj
 0001:0001706f       ??$extract_argument_from_va_list@F_J@?$standard_base@DV?$stream_output_adapter@D@__crt_stdio_output@@@__crt_stdio_output@@IAE_NAA_J@Z 0041806f f i libucrt:output.obj
 0001:00017095       ??$extract_argument_from_va_list@F_J@?$standard_base@DV?$string_output_adapter@D@__crt_stdio_output@@@__crt_stdio_output@@IAE_NAA_J@Z 00418095 f i libucrt:output.obj
 0001:000170bb       ??$extract_argument_from_va_list@F_J@?$standard_base@_WV?$stream_output_adapter@_W@__crt_stdio_output@@@__crt_stdio_output@@IAE_NAA_J@Z 004180bb f i libucrt:output.obj
 0001:000170e1       ??$extract_argument_from_va_list@F_J@?$standard_base@_WV?$string_output_adapter@_W@__crt_stdio_output@@@__crt_stdio_output@@IAE_NAA_J@Z 004180e1 f i libucrt:output.obj
 0001:00017107       ??$extract_argument_from_va_list@GD@?$positional_parameter_base@DV?$stream_output_adapter@D@__crt_stdio_output@@@__crt_stdio_output@@IAE_NAAD@Z 00418107 f i libucrt:output.obj
 0001:000171af       ??$extract_argument_from_va_list@GD@?$positional_parameter_base@DV?$string_output_adapter@D@__crt_stdio_output@@@__crt_stdio_output@@IAE_NAAD@Z 004181af f i libucrt:output.obj
 0001:00017257       ??$extract_argument_from_va_list@GD@?$standard_base@DV?$stream_output_adapter@D@__crt_stdio_output@@@__crt_stdio_output@@IAE_NAAD@Z 00418257 f i libucrt:output.obj
 0001:00017277       ??$extract_argument_from_va_list@GD@?$standard_base@DV?$string_output_adapter@D@__crt_stdio_output@@@__crt_stdio_output@@IAE_NAAD@Z 00418277 f i libucrt:output.obj
 0001:00017297       ??$extract_argument_from_va_list@G_J@?$positional_parameter_base@DV?$stream_output_adapter@D@__crt_stdio_output@@@__crt_stdio_output@@IAE_NAA_J@Z 00418297 f i libucrt:output.obj
 0001:00017341       ??$extract_argument_from_va_list@G_J@?$positional_parameter_base@DV?$string_output_adapter@D@__crt_stdio_output@@@__crt_stdio_output@@IAE_NAA_J@Z 00418341 f i libucrt:output.obj
 0001:000173eb       ??$extract_argument_from_va_list@G_J@?$positional_parameter_base@_WV?$stream_output_adapter@_W@__crt_stdio_output@@@__crt_stdio_output@@IAE_NAA_J@Z 004183eb f i libucrt:output.obj
 0001:00017496       ??$extract_argument_from_va_list@G_J@?$positional_parameter_base@_WV?$string_output_adapter@_W@__crt_stdio_output@@@__crt_stdio_output@@IAE_NAA_J@Z 00418496 f i libucrt:output.obj
 0001:00017541       ??$extract_argument_from_va_list@G_J@?$standard_base@DV?$stream_output_adapter@D@__crt_stdio_output@@@__crt_stdio_output@@IAE_NAA_J@Z 00418541 f i libucrt:output.obj
 0001:00017567       ??$extract_argument_from_va_list@G_J@?$standard_base@DV?$string_output_adapter@D@__crt_stdio_output@@@__crt_stdio_output@@IAE_NAA_J@Z 00418567 f i libucrt:output.obj
 0001:0001758d       ??$extract_argument_from_va_list@G_J@?$standard_base@_WV?$stream_output_adapter@_W@__crt_stdio_output@@@__crt_stdio_output@@IAE_NAA_J@Z 0041858d f i libucrt:output.obj
 0001:000175b3       ??$extract_argument_from_va_list@G_J@?$standard_base@_WV?$string_output_adapter@_W@__crt_stdio_output@@@__crt_stdio_output@@IAE_NAA_J@Z 004185b3 f i libucrt:output.obj
 0001:000175d9       ??$extract_argument_from_va_list@H_J@?$positional_parameter_base@DV?$stream_output_adapter@D@__crt_stdio_output@@@__crt_stdio_output@@IAE_NAA_J@Z 004185d9 f i libucrt:output.obj
 0001:00017680       ??$extract_argument_from_va_list@H_J@?$positional_parameter_base@DV?$string_output_adapter@D@__crt_stdio_output@@@__crt_stdio_output@@IAE_NAA_J@Z 00418680 f i libucrt:output.obj
 0001:00017727       ??$extract_argument_from_va_list@H_J@?$positional_parameter_base@_WV?$stream_output_adapter@_W@__crt_stdio_output@@@__crt_stdio_output@@IAE_NAA_J@Z 00418727 f i libucrt:output.obj
 0001:000177cf       ??$extract_argument_from_va_list@H_J@?$positional_parameter_base@_WV?$string_output_adapter@_W@__crt_stdio_output@@@__crt_stdio_output@@IAE_NAA_J@Z 004187cf f i libucrt:output.obj
 0001:00017877       ??$extract_argument_from_va_list@H_J@?$standard_base@DV?$stream_output_adapter@D@__crt_stdio_output@@@__crt_stdio_output@@IAE_NAA_J@Z 00418877 f i libucrt:output.obj
 0001:0001789c       ??$extract_argument_from_va_list@H_J@?$standard_base@DV?$string_output_adapter@D@__crt_stdio_output@@@__crt_stdio_output@@IAE_NAA_J@Z 0041889c f i libucrt:output.obj
 0001:000178c1       ??$extract_argument_from_va_list@H_J@?$standard_base@_WV?$stream_output_adapter@_W@__crt_stdio_output@@@__crt_stdio_output@@IAE_NAA_J@Z 004188c1 f i libucrt:output.obj
 0001:000178e6       ??$extract_argument_from_va_list@H_J@?$standard_base@_WV?$string_output_adapter@_W@__crt_stdio_output@@@__crt_stdio_output@@IAE_NAA_J@Z 004188e6 f i libucrt:output.obj
 0001:0001790b       ??$extract_argument_from_va_list@I_J@?$positional_parameter_base@DV?$stream_output_adapter@D@__crt_stdio_output@@@__crt_stdio_output@@IAE_NAA_J@Z 0041890b f i libucrt:output.obj
 0001:000179bd       ??$extract_argument_from_va_list@I_J@?$positional_parameter_base@DV?$string_output_adapter@D@__crt_stdio_output@@@__crt_stdio_output@@IAE_NAA_J@Z 004189bd f i libucrt:output.obj
 0001:00017a6f       ??$extract_argument_from_va_list@I_J@?$positional_parameter_base@_WV?$stream_output_adapter@_W@__crt_stdio_output@@@__crt_stdio_output@@IAE_NAA_J@Z 00418a6f f i libucrt:output.obj
 0001:00017b23       ??$extract_argument_from_va_list@I_J@?$positional_parameter_base@_WV?$string_output_adapter@_W@__crt_stdio_output@@@__crt_stdio_output@@IAE_NAA_J@Z 00418b23 f i libucrt:output.obj
 0001:00017bd7       ??$extract_argument_from_va_list@I_J@?$standard_base@DV?$stream_output_adapter@D@__crt_stdio_output@@@__crt_stdio_output@@IAE_NAA_J@Z 00418bd7 f i libucrt:output.obj
 0001:00017bfc       ??$extract_argument_from_va_list@I_J@?$standard_base@DV?$string_output_adapter@D@__crt_stdio_output@@@__crt_stdio_output@@IAE_NAA_J@Z 00418bfc f i libucrt:output.obj
 0001:00017c21       ??$extract_argument_from_va_list@I_J@?$standard_base@_WV?$stream_output_adapter@_W@__crt_stdio_output@@@__crt_stdio_output@@IAE_NAA_J@Z 00418c21 f i libucrt:output.obj
 0001:00017c46       ??$extract_argument_from_va_list@I_J@?$standard_base@_WV?$string_output_adapter@_W@__crt_stdio_output@@@__crt_stdio_output@@IAE_NAA_J@Z 00418c46 f i libucrt:output.obj
 0001:00017c6b       ??$extract_argument_from_va_list@PADPAD@?$positional_parameter_base@DV?$stream_output_adapter@D@__crt_stdio_output@@@__crt_stdio_output@@IAE_NAAPAD@Z 00418c6b f i libucrt:output.obj
 0001:00017d13       ??$extract_argument_from_va_list@PADPAD@?$positional_parameter_base@DV?$string_output_adapter@D@__crt_stdio_output@@@__crt_stdio_output@@IAE_NAAPAD@Z 00418d13 f i libucrt:output.obj
 0001:00017dbb       ??$extract_argument_from_va_list@PADPAD@?$positional_parameter_base@_WV?$stream_output_adapter@_W@__crt_stdio_output@@@__crt_stdio_output@@IAE_NAAPAD@Z 00418dbb f i libucrt:output.obj
 0001:00017e65       ??$extract_argument_from_va_list@PADPAD@?$positional_parameter_base@_WV?$string_output_adapter@_W@__crt_stdio_output@@@__crt_stdio_output@@IAE_NAAPAD@Z 00418e65 f i libucrt:output.obj
 0001:00017f0f       ??$extract_argument_from_va_list@PADPAD@?$standard_base@DV?$stream_output_adapter@D@__crt_stdio_output@@@__crt_stdio_output@@IAE_NAAPAD@Z 00418f0f f i libucrt:output.obj
 0001:00017f2f       ??$extract_argument_from_va_list@PADPAD@?$standard_base@DV?$string_output_adapter@D@__crt_stdio_output@@@__crt_stdio_output@@IAE_NAAPAD@Z 00418f2f f i libucrt:output.obj
 0001:00017f4f       ??$extract_argument_from_va_list@PADPAD@?$standard_base@_WV?$stream_output_adapter@_W@__crt_stdio_output@@@__crt_stdio_output@@IAE_NAAPAD@Z 00418f4f f i libucrt:output.obj
 0001:00017f6f       ??$extract_argument_from_va_list@PADPAD@?$standard_base@_WV?$string_output_adapter@_W@__crt_stdio_output@@@__crt_stdio_output@@IAE_NAAPAD@Z 00418f6f f i libucrt:output.obj
 0001:00017f8f       ??$extract_argument_from_va_list@PAUansi_string@?1??type_case_Z@?$output_processor@DV?$stream_output_adapter@D@__crt_stdio_output@@V?$format_validation_base@DV?$stream_output_adapter@D@__crt_stdio_output@@@2@@__crt_stdio_output@@AAE_NXZ@PAU1?1??234@AAE_NXZ@@?$standard_base@DV?$stream_output_adapter@D@__crt_stdio_output@@@__crt_stdio_output@@IAE_NAAPAUansi_string@?1??type_case_Z@?$output_processor@DV?$stream_output_adapter@D@__crt_stdio_output@@V?$format_validation_base@DV?$stream_output_adapter@D@__crt_stdio_output@@@2@@1@AAE_NXZ@@Z 00418f8f f i libucrt:output.obj
 0001:00017faf       ??$extract_argument_from_va_list@PAUansi_string@?1??type_case_Z@?$output_processor@DV?$stream_output_adapter@D@__crt_stdio_output@@V?$positional_parameter_base@DV?$stream_output_adapter@D@__crt_stdio_output@@@2@@__crt_stdio_output@@AAE_NXZ@PAU1?1??234@AAE_NXZ@@?$positional_parameter_base@DV?$stream_output_adapter@D@__crt_stdio_output@@@__crt_stdio_output@@IAE_NAAPAUansi_string@?1??type_case_Z@?$output_processor@DV?$stream_output_adapter@D@__crt_stdio_output@@V?$positional_parameter_base@DV?$stream_output_adapter@D@__crt_stdio_output@@@2@@1@AAE_NXZ@@Z 00418faf f i libucrt:output.obj
 0001:00018057       ??$extract_argument_from_va_list@PAUansi_string@?1??type_case_Z@?$output_processor@DV?$stream_output_adapter@D@__crt_stdio_output@@V?$positional_parameter_base@DV?$stream_output_adapter@D@__crt_stdio_output@@@2@@__crt_stdio_output@@AAE_NXZ@PAU1?1??234@AAE_NXZ@@?$standard_base@DV?$stream_output_adapter@D@__crt_stdio_output@@@__crt_stdio_output@@IAE_NAAPAUansi_string@?1??type_case_Z@?$output_processor@DV?$stream_output_adapter@D@__crt_stdio_output@@V?$positional_parameter_base@DV?$stream_output_adapter@D@__crt_stdio_output@@@2@@1@AAE_NXZ@@Z 00419057 f i libucrt:output.obj
 0001:00018077       ??$extract_argument_from_va_list@PAUansi_string@?1??type_case_Z@?$output_processor@DV?$stream_output_adapter@D@__crt_stdio_output@@V?$standard_base@DV?$stream_output_adapter@D@__crt_stdio_output@@@2@@__crt_stdio_output@@AAE_NXZ@PAU1?1??234@AAE_NXZ@@?$standard_base@DV?$stream_output_adapter@D@__crt_stdio_output@@@__crt_stdio_output@@IAE_NAAPAUansi_string@?1??type_case_Z@?$output_processor@DV?$stream_output_adapter@D@__crt_stdio_output@@V?$standard_base@DV?$stream_output_adapter@D@__crt_stdio_output@@@2@@1@AAE_NXZ@@Z 00419077 f i libucrt:output.obj
 0001:00018097       ??$extract_argument_from_va_list@PAUansi_string@?1??type_case_Z@?$output_processor@DV?$string_output_adapter@D@__crt_stdio_output@@V?$format_validation_base@DV?$string_output_adapter@D@__crt_stdio_output@@@2@@__crt_stdio_output@@AAE_NXZ@PAU1?1??234@AAE_NXZ@@?$standard_base@DV?$string_output_adapter@D@__crt_stdio_output@@@__crt_stdio_output@@IAE_NAAPAUansi_string@?1??type_case_Z@?$output_processor@DV?$string_output_adapter@D@__crt_stdio_output@@V?$format_validation_base@DV?$string_output_adapter@D@__crt_stdio_output@@@2@@1@AAE_NXZ@@Z 00419097 f i libucrt:output.obj
 0001:000180b7       ??$extract_argument_from_va_list@PAUansi_string@?1??type_case_Z@?$output_processor@DV?$string_output_adapter@D@__crt_stdio_output@@V?$positional_parameter_base@DV?$string_output_adapter@D@__crt_stdio_output@@@2@@__crt_stdio_output@@AAE_NXZ@PAU1?1??234@AAE_NXZ@@?$positional_parameter_base@DV?$string_output_adapter@D@__crt_stdio_output@@@__crt_stdio_output@@IAE_NAAPAUansi_string@?1??type_case_Z@?$output_processor@DV?$string_output_adapter@D@__crt_stdio_output@@V?$positional_parameter_base@DV?$string_output_adapter@D@__crt_stdio_output@@@2@@1@AAE_NXZ@@Z 004190b7 f i libucrt:output.obj
 0001:0001815f       ??$extract_argument_from_va_list@PAUansi_string@?1??type_case_Z@?$output_processor@DV?$string_output_adapter@D@__crt_stdio_output@@V?$positional_parameter_base@DV?$string_output_adapter@D@__crt_stdio_output@@@2@@__crt_stdio_output@@AAE_NXZ@PAU1?1??234@AAE_NXZ@@?$standard_base@DV?$string_output_adapter@D@__crt_stdio_output@@@__crt_stdio_output@@IAE_NAAPAUansi_string@?1??type_case_Z@?$output_processor@DV?$string_output_adapter@D@__crt_stdio_output@@V?$positional_parameter_base@DV?$string_output_adapter@D@__crt_stdio_output@@@2@@1@AAE_NXZ@@Z 0041915f f i libucrt:output.obj
 0001:0001817f       ??$extract_argument_from_va_list@PAUansi_string@?1??type_case_Z@?$output_processor@DV?$string_output_adapter@D@__crt_stdio_output@@V?$standard_base@DV?$string_output_adapter@D@__crt_stdio_output@@@2@@__crt_stdio_output@@AAE_NXZ@PAU1?1??234@AAE_NXZ@@?$standard_base@DV?$string_output_adapter@D@__crt_stdio_output@@@__crt_stdio_output@@IAE_NAAPAUansi_string@?1??type_case_Z@?$output_processor@DV?$string_output_adapter@D@__crt_stdio_output@@V?$standard_base@DV?$string_output_adapter@D@__crt_stdio_output@@@2@@1@AAE_NXZ@@Z 0041917f f i libucrt:output.obj
 0001:0001819f       ??$extract_argument_from_va_list@PAUansi_string@?1??type_case_Z@?$output_processor@_WV?$stream_output_adapter@_W@__crt_stdio_output@@V?$format_validation_base@_WV?$stream_output_adapter@_W@__crt_stdio_output@@@2@@__crt_stdio_output@@AAE_NXZ@PAU1?1??234@AAE_NXZ@@?$standard_base@_WV?$stream_output_adapter@_W@__crt_stdio_output@@@__crt_stdio_output@@IAE_NAAPAUansi_string@?1??type_case_Z@?$output_processor@_WV?$stream_output_adapter@_W@__crt_stdio_output@@V?$format_validation_base@_WV?$stream_output_adapter@_W@__crt_stdio_output@@@2@@1@AAE_NXZ@@Z 0041919f f i libucrt:output.obj
 0001:000181bf       ??$extract_argument_from_va_list@PAUansi_string@?1??type_case_Z@?$output_processor@_WV?$stream_output_adapter@_W@__crt_stdio_output@@V?$positional_parameter_base@_WV?$stream_output_adapter@_W@__crt_stdio_output@@@2@@__crt_stdio_output@@AAE_NXZ@PAU1?1??234@AAE_NXZ@@?$positional_parameter_base@_WV?$stream_output_adapter@_W@__crt_stdio_output@@@__crt_stdio_output@@IAE_NAAPAUansi_string@?1??type_case_Z@?$output_processor@_WV?$stream_output_adapter@_W@__crt_stdio_output@@V?$positional_parameter_base@_WV?$stream_output_adapter@_W@__crt_stdio_output@@@2@@1@AAE_NXZ@@Z 004191bf f i libucrt:output.obj
 0001:00018269       ??$extract_argument_from_va_list@PAUansi_string@?1??type_case_Z@?$output_processor@_WV?$stream_output_adapter@_W@__crt_stdio_output@@V?$positional_parameter_base@_WV?$stream_output_adapter@_W@__crt_stdio_output@@@2@@__crt_stdio_output@@AAE_NXZ@PAU1?1??234@AAE_NXZ@@?$standard_base@_WV?$stream_output_adapter@_W@__crt_stdio_output@@@__crt_stdio_output@@IAE_NAAPAUansi_string@?1??type_case_Z@?$output_processor@_WV?$stream_output_adapter@_W@__crt_stdio_output@@V?$positional_parameter_base@_WV?$stream_output_adapter@_W@__crt_stdio_output@@@2@@1@AAE_NXZ@@Z 00419269 f i libucrt:output.obj
 0001:00018289       ??$extract_argument_from_va_list@PAUansi_string@?1??type_case_Z@?$output_processor@_WV?$stream_output_adapter@_W@__crt_stdio_output@@V?$standard_base@_WV?$stream_output_adapter@_W@__crt_stdio_output@@@2@@__crt_stdio_output@@AAE_NXZ@PAU1?1??234@AAE_NXZ@@?$standard_base@_WV?$stream_output_adapter@_W@__crt_stdio_output@@@__crt_stdio_output@@IAE_NAAPAUansi_string@?1??type_case_Z@?$output_processor@_WV?$stream_output_adapter@_W@__crt_stdio_output@@V?$standard_base@_WV?$stream_output_adapter@_W@__crt_stdio_output@@@2@@1@AAE_NXZ@@Z 00419289 f i libucrt:output.obj
 0001:000182a9       ??$extract_argument_from_va_list@PAUansi_string@?1??type_case_Z@?$output_processor@_WV?$string_output_adapter@_W@__crt_stdio_output@@V?$format_validation_base@_WV?$string_output_adapter@_W@__crt_stdio_output@@@2@@__crt_stdio_output@@AAE_NXZ@PAU1?1??234@AAE_NXZ@@?$standard_base@_WV?$string_output_adapter@_W@__crt_stdio_output@@@__crt_stdio_output@@IAE_NAAPAUansi_string@?1??type_case_Z@?$output_processor@_WV?$string_output_adapter@_W@__crt_stdio_output@@V?$format_validation_base@_WV?$string_output_adapter@_W@__crt_stdio_output@@@2@@1@AAE_NXZ@@Z 004192a9 f i libucrt:output.obj
 0001:000182c9       ??$extract_argument_from_va_list@PAUansi_string@?1??type_case_Z@?$output_processor@_WV?$string_output_adapter@_W@__crt_stdio_output@@V?$positional_parameter_base@_WV?$string_output_adapter@_W@__crt_stdio_output@@@2@@__crt_stdio_output@@AAE_NXZ@PAU1?1??234@AAE_NXZ@@?$positional_parameter_base@_WV?$string_output_adapter@_W@__crt_stdio_output@@@__crt_stdio_output@@IAE_NAAPAUansi_string@?1??type_case_Z@?$output_processor@_WV?$string_output_adapter@_W@__crt_stdio_output@@V?$positional_parameter_base@_WV?$string_output_adapter@_W@__crt_stdio_output@@@2@@1@AAE_NXZ@@Z 004192c9 f i libucrt:output.obj
 0001:00018373       ??$extract_argument_from_va_list@PAUansi_string@?1??type_case_Z@?$output_processor@_WV?$string_output_adapter@_W@__crt_stdio_output@@V?$positional_parameter_base@_WV?$string_output_adapter@_W@__crt_stdio_output@@@2@@__crt_stdio_output@@AAE_NXZ@PAU1?1??234@AAE_NXZ@@?$standard_base@_WV?$string_output_adapter@_W@__crt_stdio_output@@@__crt_stdio_output@@IAE_NAAPAUansi_string@?1??type_case_Z@?$output_processor@_WV?$string_output_adapter@_W@__crt_stdio_output@@V?$positional_parameter_base@_WV?$string_output_adapter@_W@__crt_stdio_output@@@2@@1@AAE_NXZ@@Z 00419373 f i libucrt:output.obj
[...]
 0002:0000b1d0       __sehtable$??$?RV<lambda_2786941c813214a8cc5a0ce49a6190e4>@@AAV<lambda_1d6335751f7543f02e9f302c9e987a5a>@@V<lambda_c8e805040e711a9373867320b0cf5708>@@@?$__crt_seh_guarded_call@H@@QAEH$$QAV<lambda_2786941c813214a8cc5a0ce49a6190e4>@@AAV<lambda_1d6335751f7543f02e9f302c9e987a5a>@@$$QAV<lambda_c8e805040e711a9373867320b0cf5708>@@@Z 004721d0     libucrt:output.obj
 0002:0000b1f0       __unwindtable$___dcrt_uninitialize_environments_nolock 004721f0     libucrt:environment_initialization.obj
 0002:0000b200       __ehfuncinfo$___dcrt_uninitialize_environments_nolock 00472200     libucrt:environment_initialization.obj
 0002:0000b22c       __ehfuncinfo$??$uninitialize@A6AXAAPAPAD@_E@?$dual_state_global@PAPAD@__crt_state_management@@QAEXA6AXAAPAPAD@_E@Z 0047222c     libucrt:environment_initialization.obj
 0002:0000b254       __ehfuncinfo$??$uninitialize@A6AXAAPAPA_W@_E@?$dual_state_global@PAPA_W@__crt_state_management@@QAEXA6AXAAPAPA_W@_E@Z 00472254     libucrt:environment_initialization.obj
 0002:0000b27c       __ehfuncinfo$?try_cor_exit_process@@YAXI@Z 0047227c     libucrt:exit.obj
 0002:0000b2a4       __unwindtable$?common_exit@@YAXHW4_crt_exit_cleanup_mode@@W4_crt_exit_return_mode@@@Z 004722a4     libucrt:exit.obj
 0002:0000b2ac       __ehfuncinfo$?common_exit@@YAXHW4_crt_exit_cleanup_mode@@W4_crt_exit_return_mode@@@Z 004722ac     libucrt:exit.obj
 0002:0000b2d8       __sehtable$??R<lambda_6e4b09c48022b2350581041d5f6b0c4c>@@QBE@XZ 004722d8     libucrt:exit.obj
 0002:0000b2f8       __ehfuncinfo$??$__acrt_lock_and_call@V<lambda_6e4b09c48022b2350581041d5f6b0c4c>@@@@YAXW4__acrt_lock_id@@$$QAV<lambda_6e4b09c48022b2350581041d5f6b0c4c>@@@Z 004722f8     libucrt:exit.obj
 0002:0000b320       __sehtable$??$?RV<lambda_03b1d95aef87969028cfba75ccab2455>@@AAV<lambda_6e4b09c48022b2350581041d5f6b0c4c>@@V<lambda_22bdf7517842c4b3e53723af5aa32b9e>@@@?$__crt_seh_guarded_call@X@@QAEX$$QAV<lambda_03b1d95aef87969028cfba75ccab2455>@@AAV<lambda_6e4b09c48022b2350581041d5f6b0c4c>@@$$QAV<lambda_22bdf7517842c4b3e53723af5aa32b9e>@@@Z 00472320     libucrt:exit.obj
 0002:0000b340       __sehtable$__setmode       00472340     libucrt:setmode.obj
 0002:0000b360       __sehtable$__free_locale   00472360     libucrt:wsetlocale.obj
 0002:0000b390       __sehtable$??$?RV<lambda_e5124f882df8998aaf41531e079ba474>@@AAV<lambda_3e16ef9562a7dcce91392c22ab16ea36>@@V<lambda_e25ca0880e6ef98be67edffd8c599615>@@@?$__crt_seh_guarded_call@X@@QAEX$$QAV<lambda_e5124f882df8998aaf41531e079ba474>@@AAV<lambda_3e16ef9562a7dcce91392c22ab16ea36>@@$$QAV<lambda_e25ca0880e6ef98be67edffd8c599615>@@@Z 00472390     libucrt:wsetlocale.obj
 0002:0000b3b0       __sehtable$??$?RV<lambda_82aef432098b982f9ede325b418aa67a>@@AAV<lambda_862e9a3f04921db6ca1ce3faa2bf3edf>@@V<lambda_ffabc152e504b53d7492b9889b10c020>@@@?$__crt_seh_guarded_call@X@@QAEX$$QAV<lambda_82aef432098b982f9ede325b418aa67a>@@AAV<lambda_862e9a3f04921db6ca1ce3faa2bf3edf>@@$$QAV<lambda_ffabc152e504b53d7492b9889b10c020>@@@Z 004723b0     libucrt:wsetlocale.obj
 0002:0000b3d0       __sehtable$??$?RV<lambda_6673f7c4c09a5d469d0c27ae364621ce>@@AAV<lambda_ebab98244f73a74f49db879bf13fa982>@@V<lambda_be20789b7a146653eab82509ec35b419>@@@?$__crt_seh_guarded_call@X@@QAEX$$QAV<lambda_6673f7c4c09a5d469d0c27ae364621ce>@@AAV<lambda_ebab98244f73a74f49db879bf13fa982>@@$$QAV<lambda_be20789b7a146653eab82509ec35b419>@@@Z 004723d0     libucrt:wsetlocale.obj
 0002:0000b3f0       __sehtable$??$?RV<lambda_4fdada1b837b2abbf20876fac97688ad>@@AAV<lambda_b57350f2640456a0859d250846f69caf>@@V<lambda_eed5e4f92b5b7d55fa22c48c484aaa54>@@@?$__crt_seh_guarded_call@X@@QAEX$$QAV<lambda_4fdada1b837b2abbf20876fac97688ad>@@AAV<lambda_b57350f2640456a0859d250846f69caf>@@$$QAV<lambda_eed5e4f92b5b7d55fa22c48c484aaa54>@@@Z 004723f0     libucrt:wsetlocale.obj
 0002:0000b410       __sehtable$??$?RV<lambda_ac03c5d59bd18b09cb88b28331f6bfed>@@AAV<lambda_2a444430fde8c29194d880d93eed5e8f>@@AAV<lambda_02db5278e8aef8b5e4976579d73f5304>@@@?$__crt_seh_guarded_call@X@@QAEX$$QAV<lambda_ac03c5d59bd18b09cb88b28331f6bfed>@@AAV<lambda_2a444430fde8c29194d880d93eed5e8f>@@AAV<lambda_02db5278e8aef8b5e4976579d73f5304>@@@Z 00472410     libucrt:wsetlocale.obj
 0002:0000b430       __unwindtable$__execute_onexit_table 00472430     libucrt:onexit.obj
 0002:0000b438       __ehfuncinfo$__execute_onexit_table 00472438     libucrt:onexit.obj
 0002:0000b460       __ehfuncinfo$??$__acrt_lock_and_call@V<lambda_f03950bc5685219e0bcd2087efbe011e>@@@@YAHW4__acrt_lock_id@@$$QAV<lambda_f03950bc5685219e0bcd2087efbe011e>@@@Z 00472460     libucrt:onexit.obj
 0002:0000b488       __sehtable$??$?RV<lambda_8e746cf0007f6ed984d6f78af1fec997>@@AAV<lambda_22ebabd17bc4fa466a2aca6d8deb888d>@@V<lambda_18ed0c0b38a6dc0daf1e7ac6d6adf05e>@@@?$__crt_seh_guarded_call@H@@QAEH$$QAV<lambda_8e746cf0007f6ed984d6f78af1fec997>@@AAV<lambda_22ebabd17bc4fa466a2aca6d8deb888d>@@$$QAV<lambda_18ed0c0b38a6dc0daf1e7ac6d6adf05e>@@@Z 00472488     libucrt:onexit.obj
 0002:0000b4a8       __sehtable$??$?RV<lambda_69a2805e680e0e292e8ba93315fe43a8>@@AAV<lambda_f03950bc5685219e0bcd2087efbe011e>@@V<lambda_03fcd07e894ec930e3f35da366ca99d6>@@@?$__crt_seh_guarded_call@H@@QAEH$$QAV<lambda_69a2805e680e0e292e8ba93315fe43a8>@@AAV<lambda_f03950bc5685219e0bcd2087efbe011e>@@$$QAV<lambda_03fcd07e894ec930e3f35da366ca99d6>@@@Z 004724a8     libucrt:onexit.obj
 0002:0000b4c8       __sehtable$_terminate      004724c8     libucrt:terminate.obj
 0002:0000b4e8       __sehtable$??$?RV<lambda_6b4b7855443974f2b4b77000ea21c99c>@@AAV<lambda_8f7d3b162ab39427f4fa9995c67a7986>@@V<lambda_cc9a5ba8a5d8428b9634eab82665e5dc>@@@?$__crt_seh_guarded_call@H@@QAEH$$QAV<lambda_6b4b7855443974f2b4b77000ea21c99c>@@AAV<lambda_8f7d3b162ab39427f4fa9995c67a7986>@@$$QAV<lambda_cc9a5ba8a5d8428b9634eab82665e5dc>@@@Z 004724e8     libucrt:winapi_thunks.obj
 0002:0000b508       __sehtable$__fcloseall     00472508     libucrt:closeall.obj
 0002:0000b528       __sehtable$??$?RV<lambda_2866be3712abc81a800a822484c830d8>@@AAV<lambda_39ca0ed439415581b5b15c265174cece>@@V<lambda_2b24c74d71094a6cd0cb82e44167d71b>@@@?$__crt_seh_guarded_call@X@@QAEX$$QAV<lambda_2866be3712abc81a800a822484c830d8>@@AAV<lambda_39ca0ed439415581b5b15c265174cece>@@$$QAV<lambda_2b24c74d71094a6cd0cb82e44167d71b>@@@Z 00472528     libucrt:fflush.obj
 0002:0000b548       __sehtable$??$?RV<lambda_2cc53f568c5a2bb6f192f930a45d44ea>@@AAV<lambda_ab61a845afdef5b7c387490eaf3616ee>@@V<lambda_c2ffc0b7726aa6be21d5f0026187e748>@@@?$__crt_seh_guarded_call@X@@QAEX$$QAV<lambda_2cc53f568c5a2bb6f192f930a45d44ea>@@AAV<lambda_ab61a845afdef5b7c387490eaf3616ee>@@$$QAV<lambda_c2ffc0b7726aa6be21d5f0026187e748>@@@Z 00472548     libucrt:fflush.obj
 0002:0000b568       __sehtable$??$?RV<lambda_6d20deecaf4856105ebacbad442d1079>@@AAV<lambda_9a32fed5bf61b6b509b2d3f6003082a1>@@V<lambda_63ea2239ed67c638ddbae41947fdf875>@@@?$__crt_seh_guarded_call@H@@QAEH$$QAV<lambda_6d20deecaf4856105ebacbad442d1079>@@AAV<lambda_9a32fed5bf61b6b509b2d3f6003082a1>@@$$QAV<lambda_63ea2239ed67c638ddbae41947fdf875>@@@Z 00472568     libucrt:fflush.obj
 0002:0000b588       __sehtable$___acrt_initialize_lowio 00472588     libucrt:ioinit.obj
 0002:0000b5a8       __sehtable$?_fputwc_internal@@YAG_WQAU_iobuf@@AAV__crt_cached_ptd_host@@@Z 004725a8     libucrt:fputwc.obj
 0002:0000b5c8       __sehtable$?_fputc_internal@@YAHHQAU_iobuf@@AAV__crt_cached_ptd_host@@@Z 004725c8     libucrt:fputc.obj
 0002:0000b5e8       __sehtable$??$?RV<lambda_15ade71b0218206bbe3333a0c9b79046>@@AAV<lambda_da44e0f8b0f19ba52fefafb335991732>@@V<lambda_207f2d024fc103971653565357d6cd41>@@@?$__crt_seh_guarded_call@X@@QAEX$$QAV<lambda_15ade71b0218206bbe3333a0c9b79046>@@AAV<lambda_da44e0f8b0f19ba52fefafb335991732>@@$$QAV<lambda_207f2d024fc103971653565357d6cd41>@@@Z 004725e8     libucrt:per_thread_data.obj
 0002:0000b608       __sehtable$??$?RV<lambda_a7e850c220f1c8d1e6efeecdedd162c6>@@AAV<lambda_46720907175c18b6c9d2717bc0d2d362>@@V<lambda_9048902d66e8d99359bc9897bbb930a8>@@@?$__crt_seh_guarded_call@X@@QAEX$$QAV<lambda_a7e850c220f1c8d1e6efeecdedd162c6>@@AAV<lambda_46720907175c18b6c9d2717bc0d2d362>@@$$QAV<lambda_9048902d66e8d99359bc9897bbb930a8>@@@Z 00472608     libucrt:per_thread_data.obj
 0002:0000b628       __sehtable$??$?RV<lambda_38edbb1296d33220d7e4dd0ed76b244a>@@AAV<lambda_5ce1d447e08cb34b2473517608e21441>@@V<lambda_fb385d3da700c9147fc39e65dd577a8c>@@@?$__crt_seh_guarded_call@X@@QAEX$$QAV<lambda_38edbb1296d33220d7e4dd0ed76b244a>@@AAV<lambda_5ce1d447e08cb34b2473517608e21441>@@$$QAV<lambda_fb385d3da700c9147fc39e65dd577a8c>@@@Z 00472628     libucrt:per_thread_data.obj
 0002:0000b648       __sehtable$??$?RV<lambda_6affb1475c98b40b75cdec977db92e3c>@@AAV<lambda_b8d4b9c228a6ecc3f80208dbb4b4a104>@@V<lambda_608742c3c92a14382c1684fc64f96c88>@@@?$__crt_seh_guarded_call@X@@QAEX$$QAV<lambda_6affb1475c98b40b75cdec977db92e3c>@@AAV<lambda_b8d4b9c228a6ecc3f80208dbb4b4a104>@@$$QAV<lambda_608742c3c92a14382c1684fc64f96c88>@@@Z 00472648     libucrt:per_thread_data.obj
 0002:0000b668       __sehtable$?update_thread_multibyte_data_internal@@YAPAU__crt_multibyte_data@@QAU__acrt_ptd@@QAPAU1@@Z 00472668     libucrt:mbctype.obj
 0002:0000b688       __sehtable$??$?RV<lambda_ceb1ee4838e85a9d631eb091e2fbe199>@@AAV<lambda_ae742caa10f662c28703da3d2ea5e57e>@@V<lambda_cd08b5d6af4937fe54fc07d0c9bf6b37>@@@?$__crt_seh_guarded_call@X@@QAEX$$QAV<lambda_ceb1ee4838e85a9d631eb091e2fbe199>@@AAV<lambda_ae742caa10f662c28703da3d2ea5e57e>@@$$QAV<lambda_cd08b5d6af4937fe54fc07d0c9bf6b37>@@@Z 00472688     libucrt:mbctype.obj
 0002:0000b6a8       __sehtable$__open_osfhandle 004726a8     libucrt:osfinfo.obj
 0002:0000b6c8       __sehtable$__alloc_osfhnd  004726c8     libucrt:osfinfo.obj
 0002:0000b6e8       __sehtable$___acrt_lowio_ensure_fh_exists 004726e8     libucrt:osfinfo.obj
 0002:0000b708       __sehtable$___acrt_update_thread_locale_data 00472708     libucrt:locale_refcounting.obj
 0002:0000b728       __sehtable$__query_new_handler 00472728     libucrt:new_handler.obj
 0002:0000b748       __sehtable$__set_new_handler 00472748     libucrt:new_handler.obj
 0002:0000b768       __sehtable$_signal         00472768     libucrt:signal.obj
 0002:0000b788       __sehtable$_raise          00472788     libucrt:signal.obj
 0002:0000b7a8       __sehtable$?ctrlevent_capture@@YGHK@Z 004727a8     libucrt:signal.obj
 0002:0000b7c8       __sehtable$??$?RV<lambda_cbab9ec6f41b0180b23cc171c22676b0>@@AAV<lambda_44731a7d0e6d81c3e6aa82d741081786>@@V<lambda_4b292cb8dd18144e164572427af410ab>@@@?$__crt_seh_guarded_call@P6AXH@Z@@QAEP6AXH@Z$$QAV<lambda_cbab9ec6f41b0180b23cc171c22676b0>@@AAV<lambda_44731a7d0e6d81c3e6aa82d741081786>@@$$QAV<lambda_4b292cb8dd18144e164572427af410ab>@@@Z 004727c8     libucrt:signal.obj
 0002:0000b7e8       __sehtable$?_fclose_internal@@YAHQAU_iobuf@@AAV__crt_cached_ptd_host@@@Z 004727e8     libucrt:fclose.obj
 0002:0000b808       __sehtable$??$?RV<lambda_9e9de3de5fa147e2223d7db92bc10aa6>@@AAV<lambda_38ce7e780aa69e748d6df282ebc68efe>@@V<lambda_8ca6da459f0f6780f1cff60fdc3d00e5>@@@?$__crt_seh_guarded_call@H@@QAEH$$QAV<lambda_9e9de3de5fa147e2223d7db92bc10aa6>@@AAV<lambda_38ce7e780aa69e748d6df282ebc68efe>@@$$QAV<lambda_8ca6da459f0f6780f1cff60fdc3d00e5>@@@Z 00472808     libucrt:commit.obj
 0002:0000b828       __sehtable$__write_internal 00472828     libucrt:write.obj
 0002:0000b848       __ehfuncinfo$?write_double_translated_ansi_nolock@@YA?AUwrite_result@?A0x17268360@@HQBDIAAV__crt_cached_ptd_host@@@Z 00472848     libucrt:write.obj
 0002:0000b870       __sehtable$__read          00472870     libucrt:read.obj
 0002:0000b890       __ehfuncinfo$?_mbrtowc_internal@@YAHPAHPA_WPBDIPAU_Mbstatet@@AAV__crt_cached_ptd_host@@@Z 00472890     libucrt:mbrtowc.obj
 0002:0000b8b8       __ehfuncinfo$?_mbsrtowcs_helper@@YAIPA_WPAPBDIPAU_Mbstatet@@AAV__crt_cached_ptd_host@@@Z 004728b8     libucrt:mbrtowc.obj
 0002:0000b8e0       __sehtable$___set_fpsr_sse2 004728e0     libucrt:fpctrl.obj
 0002:0000b900       __sehtable$??$?RV<lambda_d422a76eb4c3bf3ad751449ab71a6ea4>@@AAV<lambda_c9ba49e555ba839a7b07aa3fbecb7617>@@V<lambda_9476263c8ee91a25d21c55370bdb50de>@@@?$__crt_seh_guarded_call@H@@QAEH$$QAV<lambda_d422a76eb4c3bf3ad751449ab71a6ea4>@@AAV<lambda_c9ba49e555ba839a7b07aa3fbecb7617>@@$$QAV<lambda_9476263c8ee91a25d21c55370bdb50de>@@@Z 00472900     libucrt:close.obj
 0002:0000b920       __sehtable$?__acrt_stdio_allocate_stream@@YA?AV__crt_stdio_stream@@XZ 00472920     libucrt:stream.obj
 0002:0000b940       __sehtable$??$common_lseek@J@@YAJHJHAAV__crt_cached_ptd_host@@@Z 00472940     libucrt:lseek.obj
 0002:0000b960       __sehtable$??$common_lseek@_J@@YA_JH_JHAAV__crt_cached_ptd_host@@@Z 00472960     libucrt:lseek.obj
 0002:0000b980       __sehtable$??$?RV<lambda_f828341fbe69b7c0d4c527b01f22877f>@@AAV<lambda_9e0b6ab72a5b3ae37ad997d08b519f50>@@V<lambda_f01deac0a8d65d6e0411edf7e0af5775>@@@?$__crt_seh_guarded_call@G@@QAEG$$QAV<lambda_f828341fbe69b7c0d4c527b01f22877f>@@AAV<lambda_9e0b6ab72a5b3ae37ad997d08b519f50>@@$$QAV<lambda_f01deac0a8d65d6e0411edf7e0af5775>@@@Z 00472980     libucrt:putwch.obj
 0002:0000b9a0       __ehfuncinfo$?_mbstowcs_l_helper@@YAIPA_WPBDIAAV__crt_cached_ptd_host@@@Z 004729a0     libucrt:mbstowcs.obj
 0002:0000b9c8       __sehtable$__IsNonwritableInCurrentImage 004729c8     LIBCMT:pesect.obj
 0003:00000020       ?__vcrt_flsindex@@3KA      00473020     libvcruntime:per_thread_data.obj
 0003:00000024       ?prefix@?1??getDimension@UnDecorator@@CA?AVDName@@_N@Z@4UStringLiteral@@A 00473024     libvcruntime:undname.obj
 0003:0000011c       __ctype_loc_style          0047311c     libucrt:wsetlocale.obj
 0003:00000130       ?errno_no_memory@@3HA      00473130     libucrt:errno.obj
 0003:00000134       ?doserrno_no_memory@@3KA   00473134     libucrt:errno.obj
 0003:0000017c       ?__acrt_flsindex@@3KA      0047317c     libucrt:per_thread_data.obj
 0003:00000500       __mbctypes                 00473500     libucrt:mbctype.obj
 0003:00000638       __mbcasemaps               00473638     libucrt:mbctype.obj
 0003:0000076c       ?__rgctypeflag@@3PADA      0047376c     libucrt:mbctype.obj
 0003:00000770       ?__rgcode_page_info@@3PAUcode_page_info@@A 00473770     libucrt:mbctype.obj
 0003:00000a40       ?__DAZ_ENABLED@?1??__set_fpsr_sse2@@9@9 00473a40     libucrt:fpctrl.obj
 0003:00000a50       ?__dcrt_lowio_console_output_handle@@3PAXA 00473a50     libucrt:initcon.obj
 0003:00000efc       ?is_initialized_as_dll@@3_NA 00473efc     LIBCMT:utility.obj
 0003:00000efd       ?module_local_atexit_table_initialized@@3_NA 00473efd     LIBCMT:utility.obj
 0003:00000f00       ?module_local_atexit_table@@3U_onexit_table_t@@A 00473f00     LIBCMT:utility.obj
 0003:00000f0c       ?module_local_at_quick_exit_table@@3U_onexit_table_t@@A 00473f0c     LIBCMT:utility.obj
 0003:00000f50       _GS_ExceptionRecord        00473f50     LIBCMT:gs_report.obj
 0003:00000fa0       _GS_ContextRecord          00473fa0     LIBCMT:gs_report.obj
 0003:00001310       ?__vcrt_startup_thread_ptd@@3U__vcrt_ptd@@A 00474310     libvcruntime:per_thread_data.obj
 0003:00001340       ___vcrt_lock_table         00474340     libvcruntime:locks.obj
 0003:00001358       ___vcrt_locks_initialized  00474358     libvcruntime:locks.obj
 0003:0000138c       ?heap@@3V_HeapManager@@A   0047438c     libvcruntime:undname.obj
 0003:000013ac       ?module_handles@@3PAPAUHINSTANCE__@@A 004743ac     libvcruntime:winapi_downlevel.obj
 0003:000013b8       ?function_pointers@@3PAPAXA 004743b8     libvcruntime:winapi_downlevel.obj
 0003:000013e8       ?__acrt_app_type@@3W4_crt_app_type@@A 004743e8     libucrt:report_runtime_error.obj
 0003:000013f0       ?outmsg@?9??__acrt_report_runtime_error@@9@4PA_WA 004743f0     libucrt:report_runtime_error.obj
 0003:00001b54       ?user_matherr@@3V?$dual_state_global@P6AHPAU_exception@@@Z@__crt_state_management@@A 00474b54     libucrt:matherr.obj
 0003:00001b58       ?program_name@?1???$common_configure_argv@D@@YAHW4_crt_argv_mode@@@Z@4PADA 00474b58     libucrt:argv_parsing.obj
 0003:00001c98       ?program_name@?1???$common_configure_argv@_W@@YAHW4_crt_argv_mode@@@Z@4PA_WA 00474c98     libucrt:argv_parsing.obj
 0003:00001f20       ?c_termination_complete@@3JA 00474f20     libucrt:exit.obj
 0003:00001f24       ?thread_local_exit_callback_func@@3P6GXPAXK0@ZA 00474f24     libucrt:exit.obj
 0003:00001f4c       ?__acrt_global_new_mode@@3V?$dual_state_global@J@__crt_state_management@@A 00474f4c     libucrt:new_mode.obj
 0003:00001f74       ?__acrt_invalid_parameter_handler@@3V?$dual_state_global@P6AXPB_W00II@Z@__crt_state_management@@A 00474f74     libucrt:invalid_parameter.obj
 0003:00001f78       ?module_handles@@3PAPAUHINSTANCE__@@A 00474f78     libucrt:winapi_thunks.obj
 0003:00001fc8       ?encoded_function_pointers@@3PAPAXA 00474fc8     libucrt:winapi_thunks.obj
 0003:0000207c       ?static_enum_proc@?1??enum_system_locales_ex_nolock@@YAHQ6GHPA_WKJ@Z@Z@4P6GH0KJ@ZA 0047507c     libucrt:winapi_thunks.obj
 0003:000022ec       ?internal_state@?1??_mbtowc_internal@@9@4U_Mbstatet@@A 004752ec     libucrt:mbtowc.obj
 0003:000022f8       ?enable_percent_n@@3IA     004752f8     libucrt:printf_count_output.obj
 0003:00002308       ___acrt_error_mode         00475308     libucrt:set_error_mode.obj
 0003:00002318       ?fSystemSet@@3HA           00475318     libucrt:mbctype.obj
 0003:0000231f       ?initialized@?1??__acrt_initialize_multibyte@@9@4_NA 0047531f     libucrt:mbctype.obj
 0003:00002320       ?__acrt_lock_table@@3PAU_RTL_CRITICAL_SECTION@@A 00475320     libucrt:locks.obj
 0003:00002470       ?__acrt_locks_initialized@@3IA 00475470     libucrt:locks.obj
 0003:000024b8       ?state_cache@?1???$get_cached_win_policy@Ubegin_thread_init_policy_properties@?1??__acrt_get_begin_thread_init_policy@@YA?AW4begin_thread_init_policy@@XZ@@@YA?AW4begin_thread_init_policy@@W4AppPolicyThreadInitializationType@@@Z@4JA 004754b8     libucrt:win_policies.obj
 0003:000024bc       ?state_cache@?1???$get_cached_win_policy@Udeveloper_information_policy_properties@?1??__acrt_get_developer_information_policy@@YA?AW4developer_information_policy@@XZ@@@YA?AW4developer_information_policy@@W4AppPolicyShowDeveloperDiagnostic@@@Z@4JA 004754bc     libucrt:win_policies.obj
 0003:000024c0       ?state_cache@?1???$get_cached_win_policy@Uwindowing_model_policy_properties@?1??__acrt_get_windowing_model_policy@@YA?AW4windowing_model_policy@@XZ@@@YA?AW4windowing_model_policy@@W4AppPolicyWindowingModel@@@Z@4JA 004754c0     libucrt:win_policies.obj
 0003:000024d4       ?__acrt_new_handler@@3V?$dual_state_global@P6AHI@Z@__crt_state_management@@A 004754d4     libucrt:new_handler.obj
 0003:000024d8       ?console_ctrl_handler_installed@@3_NA 004754d8     libucrt:signal.obj
 0003:000024dc       ?ctrlc_action@@3V?$dual_state_global@P6AXH@Z@__crt_state_management@@A 004754dc     libucrt:signal.obj
 0003:000024e0       ?ctrlbreak_action@@3V?$dual_state_global@P6AXH@Z@__crt_state_management@@A 004754e0     libucrt:signal.obj
 0003:000024e4       ?abort_action@@3V?$dual_state_global@P6AXH@Z@__crt_state_management@@A 004754e4     libucrt:signal.obj
 0003:000024e8       ?term_action@@3V?$dual_state_global@P6AXH@Z@__crt_state_management@@A 004754e8     libucrt:signal.obj
 0003:000024f0       ?mbst@?1??mbrlen@@9@4U_Mbstatet@@A 004754f0     libucrt:mbrtowc.obj
 0003:000024fc       ?mbst@?1??mbrtowc@@9@4U_Mbstatet@@A 004754fc     libucrt:mbrtowc.obj
 0003:00002508       ?mbst@?1??_mbsrtowcs_helper@@YAIPA_WPAPBDIPAU_Mbstatet@@AAV__crt_cached_ptd_host@@@Z@4U2@A 00475508     libucrt:mbrtowc.obj
 0003:00002514       ?internal_pst@?1??__mbrtoc32_utf8@__crt_mbstring@@YAIPA_UPBDIPAU_Mbstatet@@AAV__crt_cached_ptd_host@@@Z@4U3@A 00475514     libucrt:mbrtoc32.obj
 0003:00002524       __pmatherr_set             00475524     libucrt:libm_error.obj
 0004:000003a8       .idata$6                   004763a8     Kernel32:KERNEL32.dll
